### Starting TaskPrologue of job 4201261 on a0805 at Tue Sep  8 04:18:42 PM CEST 2026
Running on cores 0-15 with governor schedutil
Tue Sep  8 16:18:42 2026       
+-----------------------------------------------------------------------------------------+
| NVIDIA-SMI 610.57.04              KMD Version: 610.57.04     CUDA UMD Version: 13.3     |
+-----------------------------------------+------------------------+----------------------+
| GPU  Name                 Persistence-M | Bus-Id          Disp.A | Volatile Uncorr. ECC |
| Fan  Temp   Perf          Pwr:Usage/Cap |           Memory-Usage | GPU-Util  Compute M. |
|                                         |                        |               MIG M. |
|=========================================+========================+======================|
|   0  NVIDIA A100-SXM4-40GB          On  |   00000000:0E:00.0 Off |                    0 |
| N/A   37C    P0             58W /  400W |       0MiB /  40960MiB |      0%      Default |
|                                         |                        |             Disabled |
+-----------------------------------------+------------------------+----------------------+

+-----------------------------------------------------------------------------------------+
| Processes:                                                                              |
|  GPU   GI   CI              PID   Type   Process name                        GPU Memory |
|        ID   ID                                                               Usage      |
|=========================================================================================|
|  No running processes found                                                             |
+-----------------------------------------------------------------------------------------+
### Finished TaskPrologue

=== Tue Sep  8 04:18:43 PM CEST 2026 | node a0805 | job 4201261 | NVIDIA A100-SXM4-40GB ===
archive skills: 2

########## f2s in-distribution, 30 episodes, seeds 0/1/2 (original: 80.0 / 73.3 / 70.0) ##########

=== f2s seed=0 (16:18:43) ===
diffusion policy source root: /anvme/workspace/b306dd11-f2s/F2S/SOE/simulation/../src

============= Initialized Observation Utils with Obs Spec =============

using obs modality: low_dim with keys: ['robot0_eef_vel_lin', 'robot0_joint_pos_cos', 'robot0_eef_quat', 'robot0_eef_vel_ang', 'robot0_gripper_qpos', 'robot0_joint_pos_sin', 'robot0_joint_vel', 'object', 'robot0_gripper_qvel', 'robot0_joint_pos', 'robot0_eef_pos']
resnet out features dim: 64
obs_feature_dim: 59
horizon:  20
inference_horizon:  20
Created environment with name PickPlaceCan
Action size is 7
[f2s eval 1/30] success=False len=400 skills_used=[]
[f2s eval 2/30] success=True len=107 skills_used=[]
[f2s eval 3/30] success=True len=94 skills_used=[]
[f2s eval 4/30] success=False len=400 skills_used=[]
[f2s eval 5/30] success=True len=102 skills_used=[]
[f2s eval 6/30] success=True len=130 skills_used=[]
[f2s eval 7/30] success=True len=119 skills_used=[]
[f2s eval 8/30] success=False len=400 skills_used=[]
[f2s eval 9/30] success=True len=132 skills_used=[]
[f2s eval 10/30] success=True len=105 skills_used=[]
[f2s eval 11/30] success=True len=97 skills_used=[]
[f2s eval 12/30] success=False len=400 skills_used=[]
[f2s eval 13/30] success=True len=102 skills_used=[]
[f2s eval 14/30] success=True len=111 skills_used=[]
[f2s eval 15/30] success=True len=98 skills_used=[]
[f2s eval 16/30] success=True len=100 skills_used=[]
[f2s eval 17/30] success=True len=101 skills_used=[]
[f2s eval 18/30] success=True len=92 skills_used=[]
[f2s eval 19/30] success=True len=79 skills_used=[]
[f2s eval 20/30] success=True len=98 skills_used=[]
[f2s eval 21/30] success=True len=103 skills_used=[]
[f2s eval 22/30] success=True len=103 skills_used=[]
[f2s eval 23/30] success=True len=103 skills_used=[]
[f2s eval 24/30] success=False len=400 skills_used=[]
[f2s eval 25/30] success=True len=104 skills_used=[]
[f2s eval 26/30] success=True len=100 skills_used=[]
[f2s eval 27/30] success=True len=101 skills_used=[]
[f2s eval 28/30] success=True len=104 skills_used=[]
[f2s eval 29/30] success=True len=127 skills_used=[]
[f2s eval 30/30] success=True len=376 skills_used=[]
{
  "task": "Can",
  "method": "f2s",
  "seed": 0,
  "round": 0,
  "success_rate": 0.8333333333333334,
  "failure_rate": 0.16666666666666663,
  "recovery_rate": 0.0,
  "collision_rate": 0.0,
  "object_drop_rate": 0.0,
  "mean_episode_length": 162.93333333333334,
  "rollout_count": 30,
  "training_time_seconds": null
}
{
  "task": "Can",
  "method": "f2s",
  "seed": 0,
  "round": 0,
  "success_rate": 0.8333333333333334,
  "failure_rate": 0.16666666666666663,
  "recovery_rate": 0.0,
  "collision_rate": 0.0,
  "object_drop_rate": 0.0,
  "mean_episode_length": 162.93333333333334,
  "rollout_count": 30,
  "training_time_seconds": null
}
=== f2s seed=1 (16:22:22) ===
diffusion policy source root: /anvme/workspace/b306dd11-f2s/F2S/SOE/simulation/../src

============= Initialized Observation Utils with Obs Spec =============

using obs modality: low_dim with keys: ['robot0_gripper_qpos', 'robot0_eef_vel_lin', 'robot0_gripper_qvel', 'robot0_joint_pos_cos', 'robot0_joint_pos', 'robot0_joint_vel', 'robot0_eef_pos', 'robot0_joint_pos_sin', 'robot0_eef_vel_ang', 'object', 'robot0_eef_quat']
resnet out features dim: 64
obs_feature_dim: 59
horizon:  20
inference_horizon:  20
Created environment with name PickPlaceCan
Action size is 7
[f2s eval 1/30] success=True len=116 skills_used=[]
[f2s eval 2/30] success=True len=93 skills_used=[]
[f2s eval 3/30] success=True len=119 skills_used=[]
[f2s eval 4/30] success=False len=400 skills_used=[]
[f2s eval 5/30] success=False len=400 skills_used=[]
[f2s eval 6/30] success=True len=98 skills_used=[]
[f2s eval 7/30] success=True len=110 skills_used=[]
[f2s eval 8/30] success=True len=86 skills_used=[]
[f2s eval 9/30] success=True len=99 skills_used=[]
[f2s eval 10/30] success=True len=95 skills_used=[]
[f2s eval 11/30] success=True len=99 skills_used=[]
[f2s eval 12/30] success=True len=92 skills_used=[]
[f2s eval 13/30] success=True len=99 skills_used=[]
[f2s eval 14/30] success=True len=99 skills_used=[]
[f2s eval 15/30] success=True len=117 skills_used=[]
[f2s eval 16/30] success=False len=400 skills_used=[]
[f2s eval 17/30] success=False len=400 skills_used=[]
[f2s eval 18/30] success=False len=400 skills_used=[]
[f2s eval 19/30] success=False len=400 skills_used=[]
[f2s eval 20/30] success=True len=111 skills_used=[]
[f2s eval 21/30] success=True len=105 skills_used=[]
[f2s eval 22/30] success=True len=102 skills_used=[]
[f2s eval 23/30] success=True len=106 skills_used=[]
[f2s eval 24/30] success=True len=128 skills_used=[]
[f2s eval 25/30] success=True len=94 skills_used=[]
[f2s eval 26/30] success=True len=101 skills_used=[]
[f2s eval 27/30] success=True len=100 skills_used=[]
[f2s eval 28/30] success=True len=111 skills_used=[]
[f2s eval 29/30] success=True len=120 skills_used=[]
[f2s eval 30/30] success=True len=109 skills_used=[]
{
  "task": "Can",
  "method": "f2s",
  "seed": 1,
  "round": 0,
  "success_rate": 0.8,
  "failure_rate": 0.19999999999999996,
  "recovery_rate": 0.0,
  "collision_rate": 0.0,
  "object_drop_rate": 0.0,
  "mean_episode_length": 163.63333333333333,
  "rollout_count": 30,
  "training_time_seconds": null
}
{
  "task": "Can",
  "method": "f2s",
  "seed": 1,
  "round": 0,
  "success_rate": 0.8,
  "failure_rate": 0.19999999999999996,
  "recovery_rate": 0.0,
  "collision_rate": 0.0,
  "object_drop_rate": 0.0,
  "mean_episode_length": 163.63333333333333,
  "rollout_count": 30,
  "training_time_seconds": null
}
=== f2s seed=2 (16:25:45) ===
diffusion policy source root: /anvme/workspace/b306dd11-f2s/F2S/SOE/simulation/../src

============= Initialized Observation Utils with Obs Spec =============

using obs modality: low_dim with keys: ['object', 'robot0_joint_pos_sin', 'robot0_gripper_qpos', 'robot0_eef_quat', 'robot0_joint_vel', 'robot0_eef_pos', 'robot0_joint_pos', 'robot0_joint_pos_cos', 'robot0_eef_vel_lin', 'robot0_eef_vel_ang', 'robot0_gripper_qvel']
resnet out features dim: 64
obs_feature_dim: 59
horizon:  20
inference_horizon:  20
Created environment with name PickPlaceCan
Action size is 7
[f2s eval 1/30] success=True len=98 skills_used=[]
[f2s eval 2/30] success=True len=118 skills_used=[]
[f2s eval 3/30] success=True len=111 skills_used=[]
[f2s eval 4/30] success=True len=100 skills_used=[]
[f2s eval 5/30] success=True len=87 skills_used=[]
[f2s eval 6/30] success=False len=400 skills_used=[]
[f2s eval 7/30] success=False len=400 skills_used=[]
[f2s eval 8/30] success=True len=86 skills_used=[]
[f2s eval 9/30] success=True len=94 skills_used=[]
[f2s eval 10/30] success=True len=97 skills_used=[]
[f2s eval 11/30] success=False len=400 skills_used=[]
[f2s eval 12/30] success=False len=400 skills_used=[]
[f2s eval 13/30] success=True len=97 skills_used=[]
[f2s eval 14/30] success=False len=400 skills_used=[]
[f2s eval 15/30] success=True len=100 skills_used=[]
[f2s eval 16/30] success=True len=100 skills_used=[]
[f2s eval 17/30] success=False len=400 skills_used=[]
[f2s eval 18/30] success=True len=103 skills_used=[]
[f2s eval 19/30] success=True len=89 skills_used=[]
[f2s eval 20/30] success=True len=109 skills_used=[]
[f2s eval 21/30] success=False len=400 skills_used=[]
[f2s eval 22/30] success=True len=122 skills_used=[]
[f2s eval 23/30] success=True len=111 skills_used=[]
[f2s eval 24/30] success=True len=117 skills_used=[]
[f2s eval 25/30] success=False len=400 skills_used=[]
[f2s eval 26/30] success=True len=108 skills_used=[]
[f2s eval 27/30] success=True len=120 skills_used=[]
[f2s eval 28/30] success=True len=115 skills_used=[]
[f2s eval 29/30] success=True len=123 skills_used=[]
[f2s eval 30/30] success=False len=400 skills_used=[]
{
  "task": "Can",
  "method": "f2s",
  "seed": 2,
  "round": 0,
  "success_rate": 0.7,
  "failure_rate": 0.30000000000000004,
  "recovery_rate": 0.0,
  "collision_rate": 0.0,
  "object_drop_rate": 0.0,
  "mean_episode_length": 193.5,
  "rollout_count": 30,
  "training_time_seconds": null
}
{
  "task": "Can",
  "method": "f2s",
  "seed": 2,
  "round": 0,
  "success_rate": 0.7,
  "failure_rate": 0.30000000000000004,
  "recovery_rate": 0.0,
  "collision_rate": 0.0,
  "object_drop_rate": 0.0,
  "mean_episode_length": 193.5,
  "rollout_count": 30,
  "training_time_seconds": null
}
########## Day-25 unseen configuration, 100 episodes, seed 0 ##########

=== unseen fixed_policy (16:29:37) ===
diffusion policy source root: /anvme/workspace/b306dd11-f2s/F2S/SOE/simulation/../src

============= Initialized Observation Utils with Obs Spec =============

using obs modality: low_dim with keys: ['robot0_gripper_qvel', 'object', 'robot0_eef_pos', 'robot0_gripper_qpos', 'robot0_joint_pos_cos', 'robot0_eef_vel_lin', 'robot0_joint_vel', 'robot0_joint_pos_sin', 'robot0_eef_quat', 'robot0_eef_vel_ang', 'robot0_joint_pos']
resnet out features dim: 64
obs_feature_dim: 59
horizon:  20
inference_horizon:  20
Created environment with name PickPlaceCan
Action size is 7
[fixed_policy unseen 1/100] category=position success=False len=400 skills_used=[]
[fixed_policy unseen 2/100] category=friction success=True len=100 skills_used=[]
[fixed_policy unseen 3/100] category=mass success=True len=102 skills_used=[]
[fixed_policy unseen 4/100] category=combined success=False len=400 skills_used=[]
[fixed_policy unseen 5/100] category=position success=False len=400 skills_used=[]
[fixed_policy unseen 6/100] category=friction success=True len=111 skills_used=[]
[fixed_policy unseen 7/100] category=mass success=True len=97 skills_used=[]
[fixed_policy unseen 8/100] category=combined success=False len=400 skills_used=[]
[fixed_policy unseen 9/100] category=position success=False len=400 skills_used=[]
[fixed_policy unseen 10/100] category=friction success=True len=106 skills_used=[]
[fixed_policy unseen 11/100] category=mass success=True len=100 skills_used=[]
[fixed_policy unseen 12/100] category=combined success=False len=400 skills_used=[]
[fixed_policy unseen 13/100] category=position success=False len=400 skills_used=[]
[fixed_policy unseen 14/100] category=friction success=True len=106 skills_used=[]
[fixed_policy unseen 15/100] category=mass success=True len=130 skills_used=[]
[fixed_policy unseen 16/100] category=combined success=False len=400 skills_used=[]
[fixed_policy unseen 17/100] category=position success=False len=400 skills_used=[]
[fixed_policy unseen 18/100] category=friction success=True len=99 skills_used=[]
[fixed_policy unseen 19/100] category=mass success=True len=99 skills_used=[]
[fixed_policy unseen 20/100] category=combined success=False len=400 skills_used=[]
[fixed_policy unseen 21/100] category=position success=False len=400 skills_used=[]
[fixed_policy unseen 22/100] category=friction success=True len=113 skills_used=[]
[fixed_policy unseen 23/100] category=mass success=True len=89 skills_used=[]
[fixed_policy unseen 24/100] category=combined success=False len=400 skills_used=[]
[fixed_policy unseen 25/100] category=position success=False len=400 skills_used=[]
[fixed_policy unseen 26/100] category=friction success=True len=119 skills_used=[]
[fixed_policy unseen 27/100] category=mass success=True len=110 skills_used=[]
[fixed_policy unseen 28/100] category=combined success=False len=400 skills_used=[]
[fixed_policy unseen 29/100] category=position success=False len=400 skills_used=[]
[fixed_policy unseen 30/100] category=friction success=True len=102 skills_used=[]
[fixed_policy unseen 31/100] category=mass success=True len=96 skills_used=[]
[fixed_policy unseen 32/100] category=combined success=False len=400 skills_used=[]
[fixed_policy unseen 33/100] category=position success=False len=400 skills_used=[]
[fixed_policy unseen 34/100] category=friction success=True len=109 skills_used=[]
[fixed_policy unseen 35/100] category=mass success=False len=400 skills_used=[]
[fixed_policy unseen 36/100] category=combined success=False len=400 skills_used=[]
[fixed_policy unseen 37/100] category=position success=False len=400 skills_used=[]
[fixed_policy unseen 38/100] category=friction success=False len=400 skills_used=[]
[fixed_policy unseen 39/100] category=mass success=True len=108 skills_used=[]
[fixed_policy unseen 40/100] category=combined success=False len=400 skills_used=[]
[fixed_policy unseen 41/100] category=position success=False len=400 skills_used=[]
[fixed_policy unseen 42/100] category=friction success=True len=100 skills_used=[]
[fixed_policy unseen 43/100] category=mass success=True len=89 skills_used=[]
[fixed_policy unseen 44/100] category=combined success=False len=400 skills_used=[]
[fixed_policy unseen 45/100] category=position success=False len=400 skills_used=[]
[fixed_policy unseen 46/100] category=friction success=True len=99 skills_used=[]
[fixed_policy unseen 47/100] category=mass success=True len=93 skills_used=[]
[fixed_policy unseen 48/100] category=combined success=False len=400 skills_used=[]
[fixed_policy unseen 49/100] category=position success=False len=400 skills_used=[]
[fixed_policy unseen 50/100] category=friction success=True len=118 skills_used=[]
[fixed_policy unseen 51/100] category=mass success=True len=113 skills_used=[]
[fixed_policy unseen 52/100] category=combined success=False len=400 skills_used=[]
[fixed_policy unseen 53/100] category=position success=False len=400 skills_used=[]
[fixed_policy unseen 54/100] category=friction success=True len=86 skills_used=[]
[fixed_policy unseen 55/100] category=mass success=True len=109 skills_used=[]
[fixed_policy unseen 56/100] category=combined success=False len=400 skills_used=[]
[fixed_policy unseen 57/100] category=position success=False len=400 skills_used=[]
[fixed_policy unseen 58/100] category=friction success=True len=104 skills_used=[]
[fixed_policy unseen 59/100] category=mass success=True len=108 skills_used=[]
[fixed_policy unseen 60/100] category=combined success=False len=400 skills_used=[]
[fixed_policy unseen 61/100] category=position success=False len=400 skills_used=[]
[fixed_policy unseen 62/100] category=friction success=True len=114 skills_used=[]
[fixed_policy unseen 63/100] category=mass success=False len=400 skills_used=[]
[fixed_policy unseen 64/100] category=combined success=False len=400 skills_used=[]
[fixed_policy unseen 65/100] category=position success=False len=400 skills_used=[]
[fixed_policy unseen 66/100] category=friction success=True len=113 skills_used=[]
[fixed_policy unseen 67/100] category=mass success=False len=400 skills_used=[]
[fixed_policy unseen 68/100] category=combined success=False len=400 skills_used=[]
[fixed_policy unseen 69/100] category=position success=False len=400 skills_used=[]
[fixed_policy unseen 70/100] category=friction success=True len=100 skills_used=[]
[fixed_policy unseen 71/100] category=mass success=True len=125 skills_used=[]
[fixed_policy unseen 72/100] category=combined success=False len=400 skills_used=[]
[fixed_policy unseen 73/100] category=position success=False len=400 skills_used=[]
[fixed_policy unseen 74/100] category=friction success=False len=400 skills_used=[]
[fixed_policy unseen 75/100] category=mass success=True len=103 skills_used=[]
[fixed_policy unseen 76/100] category=combined success=False len=400 skills_used=[]
[fixed_policy unseen 77/100] category=position success=False len=400 skills_used=[]
[fixed_policy unseen 78/100] category=friction success=True len=107 skills_used=[]
[fixed_policy unseen 79/100] category=mass success=False len=400 skills_used=[]
[fixed_policy unseen 80/100] category=combined success=False len=400 skills_used=[]
[fixed_policy unseen 81/100] category=position success=False len=400 skills_used=[]
[fixed_policy unseen 82/100] category=friction success=True len=92 skills_used=[]
[fixed_policy unseen 83/100] category=mass success=True len=111 skills_used=[]
[fixed_policy unseen 84/100] category=combined success=False len=400 skills_used=[]
[fixed_policy unseen 85/100] category=position success=False len=400 skills_used=[]
[fixed_policy unseen 86/100] category=friction success=False len=400 skills_used=[]
[fixed_policy unseen 87/100] category=mass success=True len=128 skills_used=[]
[fixed_policy unseen 88/100] category=combined success=False len=400 skills_used=[]
[fixed_policy unseen 89/100] category=position success=False len=400 skills_used=[]
[fixed_policy unseen 90/100] category=friction success=True len=92 skills_used=[]
[fixed_policy unseen 91/100] category=mass success=True len=91 skills_used=[]
[fixed_policy unseen 92/100] category=combined success=False len=400 skills_used=[]
[fixed_policy unseen 93/100] category=position success=False len=400 skills_used=[]
[fixed_policy unseen 94/100] category=friction success=True len=121 skills_used=[]
[fixed_policy unseen 95/100] category=mass success=True len=105 skills_used=[]
[fixed_policy unseen 96/100] category=combined success=False len=400 skills_used=[]
[fixed_policy unseen 97/100] category=position success=False len=400 skills_used=[]
[fixed_policy unseen 98/100] category=friction success=True len=102 skills_used=[]
[fixed_policy unseen 99/100] category=mass success=True len=105 skills_used=[]
[fixed_policy unseen 100/100] category=combined success=False len=400 skills_used=[]
{
  "task": "Can",
  "method": "fixed_policy",
  "seed": 0,
  "round": 0,
  "success_rate": 0.43,
  "failure_rate": 0.5700000000000001,
  "recovery_rate": 0.0,
  "collision_rate": 0.0,
  "object_drop_rate": 0.0,
  "mean_episode_length": 273.24,
  "rollout_count": 100,
  "training_time_seconds": null,
  "eval_wall_time_seconds": 996.3855013847351,
  "checkpoint": "/anvme/workspace/b306dd11-f2s/F2S/SOE/results/can/soe/seed_0/round_0/logs/soe_can_lowdim_baseline/2026-09-04-22-44-00/ckpt/policy_last.ckpt",
  "config": "configs/soe_can_lowdim_baseline.json",
  "unseen_config": "configs/can_unseen_test.yaml",
  "category_counts": {
    "position": 25,
    "friction": 25,
    "combined": 25,
    "mass": 25
  },
  "failure_mode_coverage": null,
  "safety_violation_rate": 0.09,
  "skill_transfer_rate": null
}
{
  "task": "Can",
  "method": "fixed_policy",
  "seed": 0,
  "round": 0,
  "success_rate": 0.43,
  "failure_rate": 0.5700000000000001,
  "recovery_rate": 0.0,
  "collision_rate": 0.0,
  "object_drop_rate": 0.0,
  "mean_episode_length": 273.24,
  "rollout_count": 100,
  "training_time_seconds": null,
  "eval_wall_time_seconds": 996.3855013847351,
  "checkpoint": "/anvme/workspace/b306dd11-f2s/F2S/SOE/results/can/soe/seed_0/round_0/logs/soe_can_lowdim_baseline/2026-09-04-22-44-00/ckpt/policy_last.ckpt",
  "config": "configs/soe_can_lowdim_baseline.json",
  "unseen_config": "configs/can_unseen_test.yaml",
  "category_counts": {
    "position": 25,
    "friction": 25,
    "combined": 25,
    "mass": 25
  },
  "failure_mode_coverage": null,
  "safety_violation_rate": 0.09,
  "skill_transfer_rate": null
}
=== unseen soe (16:46:25) ===
diffusion policy source root: /anvme/workspace/b306dd11-f2s/F2S/SOE/simulation/../src

============= Initialized Observation Utils with Obs Spec =============

using obs modality: low_dim with keys: ['robot0_eef_pos', 'robot0_joint_pos_sin', 'robot0_eef_vel_lin', 'robot0_joint_pos', 'robot0_eef_quat', 'robot0_gripper_qvel', 'robot0_joint_pos_cos', 'robot0_gripper_qpos', 'robot0_joint_vel', 'object', 'robot0_eef_vel_ang']
resnet out features dim: 64
obs_feature_dim: 59
horizon:  20
inference_horizon:  20
Created environment with name PickPlaceCan
Action size is 7
[soe unseen 1/100] category=position success=False len=400 skills_used=[]
[soe unseen 2/100] category=friction success=False len=400 skills_used=[]
[soe unseen 3/100] category=mass success=False len=400 skills_used=[]
[soe unseen 4/100] category=combined success=False len=400 skills_used=[]
[soe unseen 5/100] category=position success=False len=400 skills_used=[]
[soe unseen 6/100] category=friction success=False len=400 skills_used=[]
[soe unseen 7/100] category=mass success=False len=400 skills_used=[]
[soe unseen 8/100] category=combined success=False len=400 skills_used=[]
[soe unseen 9/100] category=position success=False len=400 skills_used=[]
[soe unseen 10/100] category=friction success=False len=400 skills_used=[]
[soe unseen 11/100] category=mass success=False len=400 skills_used=[]
[soe unseen 12/100] category=combined success=False len=400 skills_used=[]
[soe unseen 13/100] category=position success=False len=400 skills_used=[]
[soe unseen 14/100] category=friction success=False len=400 skills_used=[]
[soe unseen 15/100] category=mass success=False len=400 skills_used=[]
[soe unseen 16/100] category=combined success=False len=400 skills_used=[]
[soe unseen 17/100] category=position success=False len=400 skills_used=[]
[soe unseen 18/100] category=friction success=False len=400 skills_used=[]
[soe unseen 19/100] category=mass success=False len=400 skills_used=[]
[soe unseen 20/100] category=combined success=False len=400 skills_used=[]
[soe unseen 21/100] category=position success=False len=400 skills_used=[]
[soe unseen 22/100] category=friction success=False len=400 skills_used=[]
[soe unseen 23/100] category=mass success=False len=400 skills_used=[]
[soe unseen 24/100] category=combined success=False len=400 skills_used=[]
[soe unseen 25/100] category=position success=False len=400 skills_used=[]
[soe unseen 26/100] category=friction success=False len=400 skills_used=[]
[soe unseen 27/100] category=mass success=False len=400 skills_used=[]
[soe unseen 28/100] category=combined success=False len=400 skills_used=[]
[soe unseen 29/100] category=position success=False len=400 skills_used=[]
[soe unseen 30/100] category=friction success=False len=400 skills_used=[]
[soe unseen 31/100] category=mass success=False len=400 skills_used=[]
[soe unseen 32/100] category=combined success=False len=400 skills_used=[]
[soe unseen 33/100] category=position success=False len=400 skills_used=[]
[soe unseen 34/100] category=friction success=False len=400 skills_used=[]
[soe unseen 35/100] category=mass success=False len=400 skills_used=[]
[soe unseen 36/100] category=combined success=False len=400 skills_used=[]
[soe unseen 37/100] category=position success=False len=400 skills_used=[]
[soe unseen 38/100] category=friction success=False len=400 skills_used=[]
[soe unseen 39/100] category=mass success=False len=400 skills_used=[]
[soe unseen 40/100] category=combined success=False len=400 skills_used=[]
[soe unseen 41/100] category=position success=False len=400 skills_used=[]
[soe unseen 42/100] category=friction success=False len=400 skills_used=[]
[soe unseen 43/100] category=mass success=False len=400 skills_used=[]
[soe unseen 44/100] category=combined success=False len=400 skills_used=[]
[soe unseen 45/100] category=position success=False len=400 skills_used=[]
[soe unseen 46/100] category=friction success=False len=400 skills_used=[]
[soe unseen 47/100] category=mass success=False len=400 skills_used=[]
[soe unseen 48/100] category=combined success=False len=400 skills_used=[]
[soe unseen 49/100] category=position success=False len=400 skills_used=[]
[soe unseen 50/100] category=friction success=False len=400 skills_used=[]
[soe unseen 51/100] category=mass success=False len=400 skills_used=[]
[soe unseen 52/100] category=combined success=False len=400 skills_used=[]
[soe unseen 53/100] category=position success=False len=400 skills_used=[]
[soe unseen 54/100] category=friction success=False len=400 skills_used=[]
[soe unseen 55/100] category=mass success=False len=400 skills_used=[]
[soe unseen 56/100] category=combined success=False len=400 skills_used=[]
[soe unseen 57/100] category=position success=False len=400 skills_used=[]
[soe unseen 58/100] category=friction success=False len=400 skills_used=[]
[soe unseen 59/100] category=mass success=False len=400 skills_used=[]
[soe unseen 60/100] category=combined success=True len=14 skills_used=[]
[soe unseen 61/100] category=position success=False len=400 skills_used=[]
[soe unseen 62/100] category=friction success=False len=400 skills_used=[]
[soe unseen 63/100] category=mass success=False len=400 skills_used=[]
[soe unseen 64/100] category=combined success=False len=400 skills_used=[]
[soe unseen 65/100] category=position success=False len=400 skills_used=[]
[soe unseen 66/100] category=friction success=False len=400 skills_used=[]
[soe unseen 67/100] category=mass success=False len=400 skills_used=[]
[soe unseen 68/100] category=combined success=False len=400 skills_used=[]
[soe unseen 69/100] category=position success=False len=400 skills_used=[]
[soe unseen 70/100] category=friction success=False len=400 skills_used=[]
[soe unseen 71/100] category=mass success=False len=400 skills_used=[]
[soe unseen 72/100] category=combined success=False len=400 skills_used=[]
[soe unseen 73/100] category=position success=False len=400 skills_used=[]
[soe unseen 74/100] category=friction success=False len=400 skills_used=[]
[soe unseen 75/100] category=mass success=False len=400 skills_used=[]
[soe unseen 76/100] category=combined success=False len=400 skills_used=[]
[soe unseen 77/100] category=position success=False len=400 skills_used=[]
[soe unseen 78/100] category=friction success=False len=400 skills_used=[]
[soe unseen 79/100] category=mass success=False len=400 skills_used=[]
[soe unseen 80/100] category=combined success=False len=400 skills_used=[]
[soe unseen 81/100] category=position success=False len=400 skills_used=[]
[soe unseen 82/100] category=friction success=False len=400 skills_used=[]
[soe unseen 83/100] category=mass success=False len=400 skills_used=[]
[soe unseen 84/100] category=combined success=False len=400 skills_used=[]
[soe unseen 85/100] category=position success=False len=400 skills_used=[]
[soe unseen 86/100] category=friction success=False len=400 skills_used=[]
[soe unseen 87/100] category=mass success=False len=400 skills_used=[]
[soe unseen 88/100] category=combined success=False len=400 skills_used=[]
[soe unseen 89/100] category=position success=False len=400 skills_used=[]
[soe unseen 90/100] category=friction success=False len=400 skills_used=[]
[soe unseen 91/100] category=mass success=False len=400 skills_used=[]
[soe unseen 92/100] category=combined success=False len=400 skills_used=[]
[soe unseen 93/100] category=position success=False len=400 skills_used=[]
[soe unseen 94/100] category=friction success=False len=400 skills_used=[]
[soe unseen 95/100] category=mass success=False len=400 skills_used=[]
[soe unseen 96/100] category=combined success=False len=400 skills_used=[]
[soe unseen 97/100] category=position success=False len=400 skills_used=[]
[soe unseen 98/100] category=friction success=False len=400 skills_used=[]
[soe unseen 99/100] category=mass success=False len=400 skills_used=[]
[soe unseen 100/100] category=combined success=False len=400 skills_used=[]
{
  "task": "Can",
  "method": "soe",
  "seed": 0,
  "round": 0,
  "success_rate": 0.01,
  "failure_rate": 0.99,
  "recovery_rate": 0.0,
  "collision_rate": 0.0,
  "object_drop_rate": 0.0,
  "mean_episode_length": 396.14,
  "rollout_count": 100,
  "training_time_seconds": null,
  "eval_wall_time_seconds": 1409.7450654506683,
  "checkpoint": "/anvme/workspace/b306dd11-f2s/F2S/SOE/results/can/soe/seed_0/round_0/logs/soe_can_lowdim_baseline/2026-09-04-22-44-00/ckpt/policy_last.ckpt",
  "config": "configs/soe_can_lowdim_baseline.json",
  "unseen_config": "configs/can_unseen_test.yaml",
  "category_counts": {
    "mass": 25,
    "combined": 25,
    "friction": 25,
    "position": 25
  },
  "failure_mode_coverage": null,
  "safety_violation_rate": 0.62,
  "skill_transfer_rate": null
}
{
  "task": "Can",
  "method": "soe",
  "seed": 0,
  "round": 0,
  "success_rate": 0.01,
  "failure_rate": 0.99,
  "recovery_rate": 0.0,
  "collision_rate": 0.0,
  "object_drop_rate": 0.0,
  "mean_episode_length": 396.14,
  "rollout_count": 100,
  "training_time_seconds": null,
  "eval_wall_time_seconds": 1409.7450654506683,
  "checkpoint": "/anvme/workspace/b306dd11-f2s/F2S/SOE/results/can/soe/seed_0/round_0/logs/soe_can_lowdim_baseline/2026-09-04-22-44-00/ckpt/policy_last.ckpt",
  "config": "configs/soe_can_lowdim_baseline.json",
  "unseen_config": "configs/can_unseen_test.yaml",
  "category_counts": {
    "mass": 25,
    "combined": 25,
    "friction": 25,
    "position": 25
  },
  "failure_mode_coverage": null,
  "safety_violation_rate": 0.62,
  "skill_transfer_rate": null
}
=== unseen f2s (17:10:07) ===
diffusion policy source root: /anvme/workspace/b306dd11-f2s/F2S/SOE/simulation/../src

============= Initialized Observation Utils with Obs Spec =============

using obs modality: low_dim with keys: ['robot0_gripper_qvel', 'robot0_joint_pos_cos', 'robot0_eef_quat', 'robot0_joint_pos', 'robot0_eef_vel_lin', 'robot0_joint_pos_sin', 'robot0_eef_pos', 'robot0_eef_vel_ang', 'robot0_joint_vel', 'object', 'robot0_gripper_qpos']
resnet out features dim: 64
obs_feature_dim: 59
horizon:  20
inference_horizon:  20
Created environment with name PickPlaceCan
Action size is 7
[f2s unseen 1/100] category=position success=False len=400 skills_used=[]
[f2s unseen 2/100] category=friction success=True len=100 skills_used=[]
[f2s unseen 3/100] category=mass success=True len=102 skills_used=[]
[f2s unseen 4/100] category=combined success=False len=400 skills_used=[]
[f2s unseen 5/100] category=position success=False len=400 skills_used=[]
[f2s unseen 6/100] category=friction success=True len=111 skills_used=[]
[f2s unseen 7/100] category=mass success=True len=97 skills_used=[]
[f2s unseen 8/100] category=combined success=False len=400 skills_used=[]
[f2s unseen 9/100] category=position success=False len=400 skills_used=[]
[f2s unseen 10/100] category=friction success=True len=106 skills_used=[]
[f2s unseen 11/100] category=mass success=True len=100 skills_used=[]
[f2s unseen 12/100] category=combined success=False len=400 skills_used=[]
[f2s unseen 13/100] category=position success=False len=400 skills_used=[]
[f2s unseen 14/100] category=friction success=True len=106 skills_used=[]
[f2s unseen 15/100] category=mass success=True len=130 skills_used=[]
[f2s unseen 16/100] category=combined success=False len=400 skills_used=[]
[f2s unseen 17/100] category=position success=False len=400 skills_used=[]
[f2s unseen 18/100] category=friction success=True len=99 skills_used=[]
[f2s unseen 19/100] category=mass success=True len=99 skills_used=[]
[f2s unseen 20/100] category=combined success=False len=400 skills_used=[]
[f2s unseen 21/100] category=position success=False len=400 skills_used=[]
[f2s unseen 22/100] category=friction success=True len=113 skills_used=[]
[f2s unseen 23/100] category=mass success=True len=89 skills_used=[]
[f2s unseen 24/100] category=combined success=False len=400 skills_used=[]
[f2s unseen 25/100] category=position success=False len=400 skills_used=[]
[f2s unseen 26/100] category=friction success=True len=119 skills_used=[]
[f2s unseen 27/100] category=mass success=True len=110 skills_used=[]
[f2s unseen 28/100] category=combined success=False len=400 skills_used=[]
[f2s unseen 29/100] category=position success=False len=400 skills_used=[]
[f2s unseen 30/100] category=friction success=True len=102 skills_used=[]
[f2s unseen 31/100] category=mass success=True len=96 skills_used=[]
[f2s unseen 32/100] category=combined success=False len=400 skills_used=[]
[f2s unseen 33/100] category=position success=False len=400 skills_used=[]
[f2s unseen 34/100] category=friction success=True len=109 skills_used=[]
[f2s unseen 35/100] category=mass success=False len=400 skills_used=[]
[f2s unseen 36/100] category=combined success=False len=400 skills_used=[]
[f2s unseen 37/100] category=position success=False len=400 skills_used=[]
[f2s unseen 38/100] category=friction success=False len=400 skills_used=[]
[f2s unseen 39/100] category=mass success=True len=108 skills_used=[]
[f2s unseen 40/100] category=combined success=False len=400 skills_used=['episode_000023_offset10_perstate_skill', 'episode_000023_offset10_perstate_skill', 'episode_000023_offset10_perstate_skill', 'episode_000023_offset10_perstate_skill', 'episode_000023_offset10_perstate_skill', 'episode_000023_offset10_perstate_skill', 'episode_000023_offset10_perstate_skill', 'episode_000023_offset10_perstate_skill', 'episode_000023_offset10_perstate_skill', 'episode_000023_offset10_perstate_skill', 'episode_000023_offset10_perstate_skill', 'episode_000023_offset10_perstate_skill', 'episode_000023_offset10_perstate_skill', 'episode_000023_offset10_perstate_skill', 'episode_000023_offset10_perstate_skill', 'episode_000023_offset10_perstate_skill', 'episode_000023_offset10_perstate_skill', 'episode_000023_offset10_perstate_skill', 'episode_000023_offset10_perstate_skill']
[f2s unseen 41/100] category=position success=False len=400 skills_used=[]
[f2s unseen 42/100] category=friction success=True len=102 skills_used=[]
[f2s unseen 43/100] category=mass success=False len=400 skills_used=[]
[f2s unseen 44/100] category=combined success=False len=400 skills_used=[]
[f2s unseen 45/100] category=position success=False len=400 skills_used=[]
[f2s unseen 46/100] category=friction success=True len=101 skills_used=[]
[f2s unseen 47/100] category=mass success=True len=91 skills_used=[]
[f2s unseen 48/100] category=combined success=False len=400 skills_used=[]
[f2s unseen 49/100] category=position success=False len=400 skills_used=[]
[f2s unseen 50/100] category=friction success=True len=120 skills_used=[]
[f2s unseen 51/100] category=mass success=True len=116 skills_used=[]
[f2s unseen 52/100] category=combined success=False len=400 skills_used=[]
[f2s unseen 53/100] category=position success=False len=400 skills_used=[]
[f2s unseen 54/100] category=friction success=True len=88 skills_used=[]
[f2s unseen 55/100] category=mass success=False len=400 skills_used=[]
[f2s unseen 56/100] category=combined success=False len=400 skills_used=[]
[f2s unseen 57/100] category=position success=False len=400 skills_used=[]
[f2s unseen 58/100] category=friction success=True len=97 skills_used=[]
[f2s unseen 59/100] category=mass success=True len=111 skills_used=[]
[f2s unseen 60/100] category=combined success=True len=14 skills_used=[]
[f2s unseen 61/100] category=position success=False len=400 skills_used=[]
[f2s unseen 62/100] category=friction success=True len=115 skills_used=[]
[f2s unseen 63/100] category=mass success=False len=400 skills_used=[]
[f2s unseen 64/100] category=combined success=False len=400 skills_used=[]
[f2s unseen 65/100] category=position success=False len=400 skills_used=[]
[f2s unseen 66/100] category=friction success=True len=116 skills_used=[]
[f2s unseen 67/100] category=mass success=False len=400 skills_used=[]
[f2s unseen 68/100] category=combined success=False len=400 skills_used=[]
[f2s unseen 69/100] category=position success=False len=400 skills_used=[]
[f2s unseen 70/100] category=friction success=True len=98 skills_used=[]
[f2s unseen 71/100] category=mass success=True len=123 skills_used=[]
[f2s unseen 72/100] category=combined success=False len=400 skills_used=[]
[f2s unseen 73/100] category=position success=False len=400 skills_used=[]
[f2s unseen 74/100] category=friction success=True len=103 skills_used=[]
[f2s unseen 75/100] category=mass success=False len=400 skills_used=[]
[f2s unseen 76/100] category=combined success=False len=400 skills_used=[]
[f2s unseen 77/100] category=position success=False len=400 skills_used=[]
[f2s unseen 78/100] category=friction success=True len=114 skills_used=[]
[f2s unseen 79/100] category=mass success=True len=108 skills_used=[]
[f2s unseen 80/100] category=combined success=False len=400 skills_used=[]
[f2s unseen 81/100] category=position success=False len=400 skills_used=[]
[f2s unseen 82/100] category=friction success=True len=92 skills_used=[]
[f2s unseen 83/100] category=mass success=True len=106 skills_used=[]
[f2s unseen 84/100] category=combined success=False len=400 skills_used=[]
[f2s unseen 85/100] category=position success=False len=400 skills_used=[]
[f2s unseen 86/100] category=friction success=False len=400 skills_used=[]
[f2s unseen 87/100] category=mass success=True len=120 skills_used=[]
[f2s unseen 88/100] category=combined success=False len=400 skills_used=[]
[f2s unseen 89/100] category=position success=False len=400 skills_used=[]
[f2s unseen 90/100] category=friction success=True len=91 skills_used=[]
[f2s unseen 91/100] category=mass success=True len=93 skills_used=[]
[f2s unseen 92/100] category=combined success=False len=400 skills_used=[]
[f2s unseen 93/100] category=position success=False len=400 skills_used=[]
[f2s unseen 94/100] category=friction success=True len=121 skills_used=[]
[f2s unseen 95/100] category=mass success=True len=101 skills_used=[]
[f2s unseen 96/100] category=combined success=False len=400 skills_used=[]
[f2s unseen 97/100] category=position success=False len=400 skills_used=[]
[f2s unseen 98/100] category=friction success=True len=103 skills_used=[]
[f2s unseen 99/100] category=mass success=True len=113 skills_used=[]
[f2s unseen 100/100] category=combined success=False len=400 skills_used=[]
{
  "task": "Can",
  "method": "f2s",
  "seed": 0,
  "round": 0,
  "success_rate": 0.43,
  "failure_rate": 0.5700000000000001,
  "recovery_rate": 0.0,
  "collision_rate": 0.0,
  "object_drop_rate": 0.0,
  "mean_episode_length": 272.53,
  "rollout_count": 100,
  "training_time_seconds": null,
  "eval_wall_time_seconds": 1012.4946229457855,
  "checkpoint": "/anvme/workspace/b306dd11-f2s/F2S/SOE/results/can/soe/seed_0/round_0/logs/soe_can_lowdim_baseline/2026-09-04-22-44-00/ckpt/policy_last.ckpt",
  "config": "configs/soe_can_lowdim_baseline.json",
  "unseen_config": "configs/can_unseen_test.yaml",
  "category_counts": {
    "friction": 25,
    "position": 25,
    "mass": 25,
    "combined": 25
  },
  "failure_mode_coverage": null,
  "safety_violation_rate": 0.11,
  "skill_transfer_rate": 0.0,
  "skill_episodes": 1
}
{
  "task": "Can",
  "method": "f2s",
  "seed": 0,
  "round": 0,
  "success_rate": 0.43,
  "failure_rate": 0.5700000000000001,
  "recovery_rate": 0.0,
  "collision_rate": 0.0,
  "object_drop_rate": 0.0,
  "mean_episode_length": 272.53,
  "rollout_count": 100,
  "training_time_seconds": null,
  "eval_wall_time_seconds": 1012.4946229457855,
  "checkpoint": "/anvme/workspace/b306dd11-f2s/F2S/SOE/results/can/soe/seed_0/round_0/logs/soe_can_lowdim_baseline/2026-09-04-22-44-00/ckpt/policy_last.ckpt",
  "config": "configs/soe_can_lowdim_baseline.json",
  "unseen_config": "configs/can_unseen_test.yaml",
  "category_counts": {
    "friction": 25,
    "position": 25,
    "mass": 25,
    "combined": 25
  },
  "failure_mode_coverage": null,
  "safety_violation_rate": 0.11,
  "skill_transfer_rate": 0.0,
  "skill_episodes": 1
}
=== SUMMARY: Alex vs original machine ===
in-distribution (30 episodes/seed)
  fixed_policy             Alex=[0.8333, 0.8, 0.7]  original=[0.7333, 0.7333, 0.7]
  soe                      Alex=[0.0, 0.0, 0.0]  original=[0.0, 0.0, 0.0]
  failure_replay           Alex=[0.6333, 0.7, 0.6333]  original=[0.6333, 0.6667, 0.6667]
  f2s                      Alex=[0.8333, 0.8, 0.7]  original=[0.8, 0.7333, 0.7]
  unguided_latent_repair   Alex=[0.0, 0.0, 0.0]  original=[0.0, 0.0, 0.0]
unseen configuration (100 episodes, seed 0)
  fixed_policy             Alex=0.43  original=0.45
  soe                      Alex=0.01  original=0.0
  failure_replay           Alex=None  original=0.36
  f2s                      Alex=0.43  original=0.45
  unguided_latent_repair   Alex=None  original=0.0
=== DONE Tue Sep  8 05:27:11 PM CEST 2026 ===
=== JOB_STATISTICS ===
=== current date     : Tue Sep  8 17:27:12 CEST 2026
= Job-ID             : 4201261 on alex
= Job-Name           : f2s_repro_f2s
= Job-Command        : /anvme/workspace/b306dd11-f2s/F2S/SOE/slurm/repro_f2s_and_unseen.sbatch
= Initial workdir    : /anvme/workspace/b306dd11-f2s/F2S/SOE
= Queue/Partition    : a100
= Slurm account      : b306dd with QOS=normal
= Requested resources:  for 12:00:00
= Elapsed runtime    : 01:08:33
= Total RAM usage    : 5.8 GiB of assigned  GiB (%)
= Node list          : a0805
= Subm/Elig/Start/End: 2026-09-08T14:59:23 / 2026-09-08T14:59:23 / 2026-09-08T16:18:38 / 2026-09-08T17:27:11
======================
=== Quota infos ======
    Path                 Used     SoftQ    HardQ    Gracetime  Filec    FileQ    FiHaQ    FileGrace    
    /home/hpc              85.1G   104.9G   209.7G        N/A     114K     500K   1,000K        N/A    
    /home/atuin           937.2G     0.0K     0.0K        N/A     246K                          N/A    
    /home/vault           168.0G  1048.6G  2097.2G        N/A   3,763      200K     400K        N/A    
    /lustre                 4.0K     0.0K     0.0K        N/A       1       80K     250K        N/A    
    /anvme                  6.0T     0.0K     0.0K        N/A   1,228K   9,985K  11,985K        N/A    
======================
=== GPU utilization ==
gpu_name, gpu_bus_id, pid, gpu_utilization [%], mem_utilization [%], max_memory_usage [MiB], time [ms]
NVIDIA A100-SXM4-40GB, 00000000:0E:00.0, 88866, 4 %, 0 %, 1850 MiB, 212470 ms
NVIDIA A100-SXM4-40GB, 00000000:0E:00.0, 91297, 4 %, 0 %, 1850 MiB, 201034 ms
NVIDIA A100-SXM4-40GB, 00000000:0E:00.0, 93934, 4 %, 0 %, 1850 MiB, 230050 ms
NVIDIA A100-SXM4-40GB, 00000000:0E:00.0, 96473, 5 %, 0 %, 1850 MiB, 1006027 ms
NVIDIA A100-SXM4-40GB, 00000000:0E:00.0, 105103, 5 %, 0 %, 1850 MiB, 1420206 ms
NVIDIA A100-SXM4-40GB, 00000000:0E:00.0, 117575, 4 %, 0 %, 1850 MiB, 1022611 ms
