### Starting TaskPrologue of job 4201035 on a0531 at Tue Sep  8 02:04:26 PM CEST 2026
Running on cores 48-63 with governor performance
Tue Sep  8 14:04:26 2026       
+-----------------------------------------------------------------------------------------+
| NVIDIA-SMI 610.57.04              KMD Version: 610.57.04     CUDA UMD Version: 13.3     |
+-----------------------------------------+------------------------+----------------------+
| GPU  Name                 Persistence-M | Bus-Id          Disp.A | Volatile Uncorr. ECC |
| Fan  Temp   Perf          Pwr:Usage/Cap |           Memory-Usage | GPU-Util  Compute M. |
|                                         |                        |               MIG M. |
|=========================================+========================+======================|
|   0  NVIDIA A100-SXM4-80GB          On  |   00000000:4F:00.0 Off |                    0 |
| N/A   38C    P0             69W /  400W |       0MiB /  81920MiB |      0%      Default |
|                                         |                        |             Disabled |
+-----------------------------------------+------------------------+----------------------+

+-----------------------------------------------------------------------------------------+
| Processes:                                                                              |
|  GPU   GI   CI              PID   Type   Process name                        GPU Memory |
|        ID   ID                                                               Usage      |
|=========================================================================================|
|  No running processes found                                                             |
+-----------------------------------------------------------------------------------------+
### Finished TaskPrologue

=== Tue Sep  8 02:04:27 PM CEST 2026 | node a0531.nhr.fau.de | job 4201035 | NVIDIA A100-SXM4-80GB ===
=== sandbox input episode counts ===
  results/can/f2s_final/seed_0/round_0/eval/episodes    50
  results/can/f2s_final/seed_0/round_1/eval/episodes    50
  results/can/f2s_final/seed_0/round_2/eval/episodes    50
  results/can/f2s_dev/seed_0/round_0/eval/episodes      10
  results/can/f2s_dev/seed_0/round_1/eval/episodes      10
  results/can/f2s_dev/seed_0/round_2/eval/episodes      10
  results/can/f2s_dev_cem/seed_2/round_0/eval/episodes  10
  results/can/f2s_dev_cem/seed_2/round_1/eval/episodes  10
  results/can/f2s_dev_cem/seed_2/round_2/eval/episodes  10
  results/Can/fixed_policy/seed_0/round_0/episodes      30

=== running unmodified sweep script (original: 4544 executions, 15 successes, 2 skills) ===
diffusion policy source root: /anvme/workspace/b306dd11-f2s/F2S/SOE/simulation/../src

============= Initialized Observation Utils with Obs Spec =============

using obs modality: low_dim with keys: ['robot0_eef_quat', 'robot0_joint_vel', 'robot0_eef_pos', 'robot0_gripper_qpos', 'object', 'robot0_eef_vel_lin', 'robot0_gripper_qvel', 'robot0_eef_vel_ang', 'robot0_joint_pos', 'robot0_joint_pos_cos', 'robot0_joint_pos_sin']
resnet out features dim: 64
obs_feature_dim: 59
horizon:  20
inference_horizon:  20
Created environment with name PickPlaceCan
Action size is 7
Pooled 56 real failure segments (must be 71, matching candidate_ranking_full_scale).
Sweeping offsets [10, 20, 25, 30] per state (3584 candidate executions budgeted).

[state 7/56, offset=20] real success: episode_000049; running Day-19 validation...
  Day-19 validation: 3/10 = 30.0%
  Archive decision: REJECTED (validation_success_rate_below_threshold)
  [10/56] processed, 1 real successes so far, 0 archived
  [20/56] processed, 1 real successes so far, 0 archived
  [30/56] processed, 1 real successes so far, 0 archived
  [40/56] processed, 1 real successes so far, 0 archived

[state 42/56, offset=10] real success: episode_000004; running Day-19 validation...
  Day-19 validation: 5/10 = 50.0%
  Archive decision: REJECTED (validation_success_rate_below_threshold)

[state 42/56, offset=20] real success: episode_000004; running Day-19 validation...
  Day-19 validation: 2/10 = 20.0%
  Archive decision: REJECTED (validation_success_rate_below_threshold)

[state 46/56, offset=25] real success: episode_000008; running Day-19 validation...
  Day-19 validation: 7/10 = 70.0%
  Archive decision: REJECTED (validation_success_rate_below_threshold)

[state 46/56, offset=25] real success: episode_000008; running Day-19 validation...
  Day-19 validation: 8/10 = 80.0%
  Archive decision: ACCEPTED

[state 46/56, offset=25] real success: episode_000008; running Day-19 validation...
  Day-19 validation: 6/10 = 60.0%
  Archive decision: REJECTED (validation_success_rate_below_threshold)

[state 46/56, offset=30] real success: episode_000008; running Day-19 validation...
  Day-19 validation: 5/10 = 50.0%
  Archive decision: REJECTED (validation_success_rate_below_threshold)

[state 46/56, offset=30] real success: episode_000008; running Day-19 validation...
  Day-19 validation: 4/10 = 40.0%
  Archive decision: REJECTED (validation_success_rate_below_threshold)
  [50/56] processed, 8 real successes so far, 1 archived

[state 56/56, offset=10] real success: episode_000023; running Day-19 validation...
  Day-19 validation: 8/10 = 80.0%
  Archive decision: ACCEPTED
  [56/56] processed, 9 real successes so far, 2 archived

======================================================================
FINAL: 9 real successes out of 3584 candidates executed across offsets [10, 20, 25, 30]; 2 skills archived (>70% Day-19 threshold)
======================================================================
sweep wall time: 2234 s
'/anvme/workspace/b306dd11-f2s/repro_sandbox/offset_sweep/results/can/candidate_ranking_per_state_offset_sweep/records.json' -> '/anvme/workspace/b306dd11-f2s/F2S/SOE/results/can/candidate_ranking_per_state_offset_sweep_alex/records.json'
'/anvme/workspace/b306dd11-f2s/repro_sandbox/offset_sweep/results/can/candidate_ranking_per_state_offset_sweep/skill_archive.json' -> '/anvme/workspace/b306dd11-f2s/F2S/SOE/results/can/candidate_ranking_per_state_offset_sweep_alex/skill_archive.json'
'/anvme/workspace/b306dd11-f2s/repro_sandbox/offset_sweep/results/can/candidate_ranking_per_state_offset_sweep/summary.json' -> '/anvme/workspace/b306dd11-f2s/F2S/SOE/results/can/candidate_ranking_per_state_offset_sweep_alex/summary.json'
'/anvme/workspace/b306dd11-f2s/repro_sandbox/offset_sweep/results/can/candidate_ranking_per_state_offset_sweep/validation_results.json' -> '/anvme/workspace/b306dd11-f2s/F2S/SOE/results/can/candidate_ranking_per_state_offset_sweep_alex/validation_results.json'

=== Alex vs original machine ===
  M                                original=          16  Alex=          16
  n_candidates_executed            original=        4544  Alex=        3584   <-- differs
  n_real_success                   original=          15  Alex=           9   <-- differs
  n_states                         original=          71  Alex=          56   <-- differs
  n_validated_and_archived         original=           2  Alex=           2
  offsets_swept                    original=[10, 20, 25, 30]  Alex=[10, 20, 25, 30]
  original archived skills: 2
  Alex archived skills: 2
=== DONE Tue Sep  8 02:41:41 PM CEST 2026 ===
=== JOB_STATISTICS ===
=== current date     : Tue Sep  8 14:41:41 CEST 2026
= Job-ID             : 4201035 on alex
= Job-Name           : f2s_repro_sweep
= Job-Command        : /anvme/workspace/b306dd11-f2s/F2S/SOE/slurm/repro_offset_sweep.sbatch
= Initial workdir    : /anvme/workspace/b306dd11-f2s/F2S/SOE
= Queue/Partition    : a100
= Slurm account      : b306dd with QOS=normal
= Requested resources:  for 12:00:00
= Elapsed runtime    : 00:37:37
= Total RAM usage    : 5.7 GiB of assigned  GiB (%)
= Node list          : a0531
= Subm/Elig/Start/End: 2026-09-08T14:04:00 / 2026-09-08T14:04:00 / 2026-09-08T14:04:06 / 2026-09-08T14:41:43
======================
=== Quota infos ======
    Path                 Used     SoftQ    HardQ    Gracetime  Filec    FileQ    FiHaQ    FileGrace    
    /home/hpc              85.5G   104.9G   209.7G        N/A     114K     500K   1,000K        N/A    
    /home/vault           168.0G  1048.6G  2097.2G        N/A   3,763      200K     400K        N/A    
    /home/atuin           937.2G     0.0K     0.0K        N/A     246K                          N/A    
    /lustre                 4.0K     0.0K     0.0K        N/A       1       80K     250K        N/A    
    /anvme                  6.0T     0.0K     0.0K        N/A   1,226K   9,985K  11,985K        N/A    
======================
=== GPU utilization ==
gpu_name, gpu_bus_id, pid, gpu_utilization [%], mem_utilization [%], max_memory_usage [MiB], time [ms]
NVIDIA A100-SXM4-80GB, 00000000:4F:00.0, 3366618, 5 %, 0 %, 1850 MiB, 2226777 ms
