diffusion policy source root: /data/heng/F2S/SOE/simulation/../src

============= Initialized Observation Utils with Obs Spec =============

using obs modality: low_dim with keys: ['robot0_eef_quat', 'robot0_joint_pos', 'robot0_gripper_qvel', 'robot0_eef_vel_lin', 'robot0_eef_pos', 'robot0_joint_pos_cos', 'robot0_eef_vel_ang', 'robot0_gripper_qpos', 'robot0_joint_pos_sin', 'robot0_joint_vel', 'object']
resnet out features dim: 64
obs_feature_dim: 59
horizon:  20
inference_horizon:  20
Created environment with name PickPlaceCan
Action size is 7

===== offset = 10 steps before stall time =====
[state 1/20] episode_000040 orig_t_f=99 used_t_f=89: std=0.0759
[state 2/20] episode_000030 orig_t_f=85 used_t_f=75: std=0.0443
[state 3/20] episode_000046 orig_t_f=0 used_t_f=0: std=0.0000
[state 4/20] episode_000016 orig_t_f=92 used_t_f=82: std=0.0026
[state 5/20] episode_000047 orig_t_f=256 used_t_f=246: std=0.0158
[state 6/20] episode_000003 orig_t_f=51 used_t_f=41: std=0.0288
[state 7/20] episode_000047 orig_t_f=54 used_t_f=44: std=0.0454
[state 8/20] episode_000048 orig_t_f=121 used_t_f=111: std=0.0000
[state 9/20] episode_000028 orig_t_f=63 used_t_f=53: std=0.0084
[state 10/20] episode_000010 orig_t_f=56 used_t_f=46: std=0.0104
[state 11/20] episode_000000 orig_t_f=99 used_t_f=89: std=0.0135
[state 12/20] episode_000026 orig_t_f=77 used_t_f=67: std=0.0400
[state 13/20] episode_000033 orig_t_f=53 used_t_f=43: std=0.0142
[state 14/20] episode_000007 orig_t_f=55 used_t_f=45: std=0.0035
[state 15/20] episode_000043 orig_t_f=57 used_t_f=47: std=0.0221
[state 16/20] episode_000024 orig_t_f=165 used_t_f=155: std=0.0355
[state 17/20] episode_000010 orig_t_f=43 used_t_f=33: std=0.0099
[state 18/20] episode_000044 orig_t_f=70 used_t_f=60: std=0.0459
[state 19/20] episode_000013 orig_t_f=90 used_t_f=80: std=0.0323
[state 20/20] episode_000032 orig_t_f=207 used_t_f=197: std=0.0197

offset=10: pooled_rho=0.9623, within_state_mean_rho=0.10737715129090877, near_zero_variance_states=6/20, mean_std=0.0234

===== offset = 20 steps before stall time =====
[state 1/20] episode_000040 orig_t_f=99 used_t_f=79: std=0.0637
[state 2/20] episode_000030 orig_t_f=85 used_t_f=65: std=0.0875
[state 3/20] episode_000046 orig_t_f=0 used_t_f=0: std=0.0000
[state 4/20] episode_000016 orig_t_f=92 used_t_f=72: std=0.0106
[state 5/20] episode_000047 orig_t_f=256 used_t_f=236: std=0.0141
[state 6/20] episode_000003 orig_t_f=51 used_t_f=31: std=0.0327
[state 7/20] episode_000047 orig_t_f=54 used_t_f=34: std=0.0189
[state 8/20] episode_000048 orig_t_f=121 used_t_f=101: std=0.0382
[state 9/20] episode_000028 orig_t_f=63 used_t_f=43: std=0.0233
[state 10/20] episode_000010 orig_t_f=56 used_t_f=36: std=0.0152
[state 11/20] episode_000000 orig_t_f=99 used_t_f=79: std=0.0043
[state 12/20] episode_000026 orig_t_f=77 used_t_f=57: std=0.0307
[state 13/20] episode_000033 orig_t_f=53 used_t_f=33: std=0.0031
[state 14/20] episode_000007 orig_t_f=55 used_t_f=35: std=0.0014
[state 15/20] episode_000043 orig_t_f=57 used_t_f=37: std=0.0142
[state 16/20] episode_000024 orig_t_f=165 used_t_f=145: std=0.0160
[state 17/20] episode_000010 orig_t_f=43 used_t_f=23: std=0.0098
[state 18/20] episode_000044 orig_t_f=70 used_t_f=50: std=0.0264
[state 19/20] episode_000013 orig_t_f=90 used_t_f=70: std=0.0912
[state 20/20] episode_000032 orig_t_f=207 used_t_f=187: std=0.0059

offset=20: pooled_rho=0.9434, within_state_mean_rho=0.18603663755684896, near_zero_variance_states=6/20, mean_std=0.0254

===== SUMMARY: does intervening earlier help? =====
  offset   within_state_rho   near_zero_states   mean_std
       0             0.1393              17/20     0.0043
      10             0.1074               6/20     0.0234
      20             0.1860               6/20     0.0254
