Collecting tqdm==4.66.2 (from -r requirements.txt (line 1))
  Downloading tqdm-4.66.2-py3-none-any.whl.metadata (57 kB)
Requirement already satisfied: numpy==1.24.4 in /data/heng/miniconda3/envs/f2s/lib/python3.8/site-packages (from -r requirements.txt (line 2)) (1.24.4)
Collecting open3d==0.18.0 (from -r requirements.txt (line 3))
  Downloading open3d-0.18.0-cp38-cp38-manylinux_2_27_x86_64.whl.metadata (4.2 kB)
Collecting easydict==1.13 (from -r requirements.txt (line 4))
  Downloading easydict-1.13-py3-none-any.whl.metadata (4.2 kB)
Collecting einops==0.7.0 (from -r requirements.txt (line 5))
  Downloading einops-0.7.0-py3-none-any.whl.metadata (13 kB)
Collecting matplotlib==3.7.5 (from -r requirements.txt (line 6))
  Downloading matplotlib-3.7.5-cp38-cp38-manylinux_2_12_x86_64.manylinux2010_x86_64.whl.metadata (5.7 kB)
Collecting opencv-python==4.9.0.80 (from -r requirements.txt (line 7))
  Downloading opencv_python-4.9.0.80-cp37-abi3-manylinux_2_17_x86_64.manylinux2014_x86_64.whl.metadata (20 kB)
Requirement already satisfied: torch==1.13.0 in /data/heng/miniconda3/envs/f2s/lib/python3.8/site-packages (from -r requirements.txt (line 8)) (1.13.0+cu117)
Requirement already satisfied: torchvision==0.14.0 in /data/heng/miniconda3/envs/f2s/lib/python3.8/site-packages (from -r requirements.txt (line 9)) (0.14.0+cu117)
Collecting diffusers==0.27.2 (from -r requirements.txt (line 10))
  Downloading diffusers-0.27.2-py3-none-any.whl.metadata (18 kB)
Collecting robosuite==1.4.1 (from -r requirements.txt (line 12))
  Downloading robosuite-1.4.1-py3-none-any.whl.metadata (5.6 kB)
Collecting huggingface-hub==0.24.6 (from -r requirements.txt (line 13))
  Downloading huggingface_hub-0.24.6-py3-none-any.whl.metadata (13 kB)
Collecting dash>=2.6.0 (from open3d==0.18.0->-r requirements.txt (line 3))
  Downloading dash-4.3.0-py3-none-any.whl.metadata (11 kB)
Collecting werkzeug>=2.2.3 (from open3d==0.18.0->-r requirements.txt (line 3))
  Downloading werkzeug-3.0.6-py3-none-any.whl.metadata (3.7 kB)
Collecting nbformat>=5.7.0 (from open3d==0.18.0->-r requirements.txt (line 3))
  Downloading nbformat-5.10.4-py3-none-any.whl.metadata (3.6 kB)
Collecting configargparse (from open3d==0.18.0->-r requirements.txt (line 3))
  Using cached configargparse-1.7.5-py3-none-any.whl.metadata (23 kB)
Collecting ipywidgets>=8.0.4 (from open3d==0.18.0->-r requirements.txt (line 3))
  Using cached ipywidgets-8.1.9-py3-none-any.whl.metadata (2.4 kB)
Collecting addict (from open3d==0.18.0->-r requirements.txt (line 3))
  Using cached addict-2.4.0-py3-none-any.whl.metadata (1.0 kB)
Requirement already satisfied: pillow>=9.3.0 in /data/heng/miniconda3/envs/f2s/lib/python3.8/site-packages (from open3d==0.18.0->-r requirements.txt (line 3)) (10.4.0)
Collecting pandas>=1.0 (from open3d==0.18.0->-r requirements.txt (line 3))
  Downloading pandas-2.0.3-cp38-cp38-manylinux_2_17_x86_64.manylinux2014_x86_64.whl.metadata (18 kB)
Collecting pyyaml>=5.4.1 (from open3d==0.18.0->-r requirements.txt (line 3))
  Downloading PyYAML-6.0.3-cp38-cp38-manylinux2014_x86_64.manylinux_2_17_x86_64.manylinux_2_28_x86_64.whl.metadata (2.1 kB)
Collecting scikit-learn>=0.21 (from open3d==0.18.0->-r requirements.txt (line 3))
  Downloading scikit_learn-1.3.2-cp38-cp38-manylinux_2_17_x86_64.manylinux2014_x86_64.whl.metadata (11 kB)
Collecting pyquaternion (from open3d==0.18.0->-r requirements.txt (line 3))
  Using cached pyquaternion-0.9.9-py3-none-any.whl.metadata (1.4 kB)
Collecting contourpy>=1.0.1 (from matplotlib==3.7.5->-r requirements.txt (line 6))
  Downloading contourpy-1.1.1-cp38-cp38-manylinux_2_17_x86_64.manylinux2014_x86_64.whl.metadata (5.9 kB)
Collecting cycler>=0.10 (from matplotlib==3.7.5->-r requirements.txt (line 6))
  Using cached cycler-0.12.1-py3-none-any.whl.metadata (3.8 kB)
Collecting fonttools>=4.22.0 (from matplotlib==3.7.5->-r requirements.txt (line 6))
  Downloading fonttools-4.57.0-cp38-cp38-manylinux_2_17_x86_64.manylinux2014_x86_64.whl.metadata (102 kB)
Collecting kiwisolver>=1.0.1 (from matplotlib==3.7.5->-r requirements.txt (line 6))
  Downloading kiwisolver-1.4.7-cp38-cp38-manylinux_2_5_x86_64.manylinux1_x86_64.whl.metadata (6.3 kB)
Collecting packaging>=20.0 (from matplotlib==3.7.5->-r requirements.txt (line 6))
  Downloading packaging-26.2-py3-none-any.whl.metadata (3.5 kB)
Collecting pyparsing>=2.3.1 (from matplotlib==3.7.5->-r requirements.txt (line 6))
  Downloading pyparsing-3.1.4-py3-none-any.whl.metadata (5.1 kB)
Collecting python-dateutil>=2.7 (from matplotlib==3.7.5->-r requirements.txt (line 6))
  Using cached python_dateutil-2.9.0.post0-py2.py3-none-any.whl.metadata (8.4 kB)
Collecting importlib-resources>=3.2.0 (from matplotlib==3.7.5->-r requirements.txt (line 6))
  Downloading importlib_resources-6.4.5-py3-none-any.whl.metadata (4.0 kB)
Requirement already satisfied: typing-extensions in /data/heng/miniconda3/envs/f2s/lib/python3.8/site-packages (from torch==1.13.0->-r requirements.txt (line 8)) (4.13.2)
Requirement already satisfied: requests in /data/heng/miniconda3/envs/f2s/lib/python3.8/site-packages (from torchvision==0.14.0->-r requirements.txt (line 9)) (2.32.4)
Collecting importlib-metadata (from diffusers==0.27.2->-r requirements.txt (line 10))
  Downloading importlib_metadata-8.5.0-py3-none-any.whl.metadata (4.8 kB)
Collecting filelock (from diffusers==0.27.2->-r requirements.txt (line 10))
  Downloading filelock-3.16.1-py3-none-any.whl.metadata (2.9 kB)
Collecting regex!=2019.12.17 (from diffusers==0.27.2->-r requirements.txt (line 10))
  Downloading regex-2024.11.6-cp38-cp38-manylinux_2_17_x86_64.manylinux2014_x86_64.whl.metadata (40 kB)
Collecting safetensors>=0.3.1 (from diffusers==0.27.2->-r requirements.txt (line 10))
  Downloading safetensors-0.5.3-cp38-abi3-manylinux_2_17_x86_64.manylinux2014_x86_64.whl.metadata (3.8 kB)
Collecting numba>=0.49.1 (from robosuite==1.4.1->-r requirements.txt (line 12))
  Downloading numba-0.58.1-cp38-cp38-manylinux2014_x86_64.manylinux_2_17_x86_64.whl.metadata (2.7 kB)
Collecting scipy>=1.2.3 (from robosuite==1.4.1->-r requirements.txt (line 12))
  Downloading scipy-1.10.1-cp38-cp38-manylinux_2_17_x86_64.manylinux2014_x86_64.whl.metadata (58 kB)
Collecting mujoco>=2.3.0 (from robosuite==1.4.1->-r requirements.txt (line 12))
  Downloading mujoco-3.2.3-cp38-cp38-manylinux_2_17_x86_64.manylinux2014_x86_64.whl.metadata (44 kB)
Collecting pynput (from robosuite==1.4.1->-r requirements.txt (line 12))
  Downloading pynput-1.8.2-py2.py3-none-any.whl.metadata (32 kB)
Collecting termcolor (from robosuite==1.4.1->-r requirements.txt (line 12))
  Downloading termcolor-2.4.0-py3-none-any.whl.metadata (6.1 kB)
Collecting fsspec>=2023.5.0 (from huggingface-hub==0.24.6->-r requirements.txt (line 13))
  Downloading fsspec-2025.3.0-py3-none-any.whl.metadata (11 kB)
Collecting Flask<3.2,>=1.0.4 (from dash>=2.6.0->open3d==0.18.0->-r requirements.txt (line 3))
  Downloading flask-3.0.3-py3-none-any.whl.metadata (3.2 kB)
Collecting plotly>=5.0.0 (from dash>=2.6.0->open3d==0.18.0->-r requirements.txt (line 3))
  Using cached plotly-7.0.0-py3-none-any.whl.metadata (8.7 kB)
Collecting retrying (from dash>=2.6.0->open3d==0.18.0->-r requirements.txt (line 3))
  Using cached retrying-1.4.2-py3-none-any.whl.metadata (5.5 kB)
Collecting nest-asyncio (from dash>=2.6.0->open3d==0.18.0->-r requirements.txt (line 3))
  Using cached nest_asyncio-1.6.0-py3-none-any.whl.metadata (2.8 kB)
Requirement already satisfied: setuptools in /data/heng/miniconda3/envs/f2s/lib/python3.8/site-packages (from dash>=2.6.0->open3d==0.18.0->-r requirements.txt (line 3)) (75.3.0)
Collecting janus>=1.0.0 (from dash>=2.6.0->open3d==0.18.0->-r requirements.txt (line 3))
  Downloading janus-1.0.0-py3-none-any.whl.metadata (4.5 kB)
Collecting pydantic>=2.10 (from dash>=2.6.0->open3d==0.18.0->-r requirements.txt (line 3))
  Downloading pydantic-2.10.6-py3-none-any.whl.metadata (30 kB)
Collecting zipp>=3.1.0 (from importlib-resources>=3.2.0->matplotlib==3.7.5->-r requirements.txt (line 6))
  Downloading zipp-3.20.2-py3-none-any.whl.metadata (3.7 kB)
Collecting comm>=0.1.3 (from ipywidgets>=8.0.4->open3d==0.18.0->-r requirements.txt (line 3))
  Using cached comm-0.2.3-py3-none-any.whl.metadata (3.7 kB)
Collecting ipython>=6.1.0 (from ipywidgets>=8.0.4->open3d==0.18.0->-r requirements.txt (line 3))
  Downloading ipython-8.12.3-py3-none-any.whl.metadata (5.7 kB)
Collecting traitlets>=4.3.1 (from ipywidgets>=8.0.4->open3d==0.18.0->-r requirements.txt (line 3))
  Downloading traitlets-5.14.3-py3-none-any.whl.metadata (10 kB)
Collecting widgetsnbextension~=4.0.16 (from ipywidgets>=8.0.4->open3d==0.18.0->-r requirements.txt (line 3))
  Using cached widgetsnbextension-4.0.16-py3-none-any.whl.metadata (1.6 kB)
Collecting jupyterlab_widgets~=3.0.17 (from ipywidgets>=8.0.4->open3d==0.18.0->-r requirements.txt (line 3))
  Using cached jupyterlab_widgets-3.0.17-py3-none-any.whl.metadata (20 kB)
Collecting absl-py (from mujoco>=2.3.0->robosuite==1.4.1->-r requirements.txt (line 12))
  Downloading absl_py-2.3.1-py3-none-any.whl.metadata (3.3 kB)
Collecting etils[epath] (from mujoco>=2.3.0->robosuite==1.4.1->-r requirements.txt (line 12))
  Downloading etils-1.3.0-py3-none-any.whl.metadata (5.5 kB)
Collecting glfw (from mujoco>=2.3.0->robosuite==1.4.1->-r requirements.txt (line 12))
  Downloading glfw-2.10.2-py2.py3-none-manylinux_2_28_x86_64.whl.metadata (5.5 kB)
Collecting pyopengl (from mujoco>=2.3.0->robosuite==1.4.1->-r requirements.txt (line 12))
  Downloading pyopengl-3.1.10-py3-none-any.whl.metadata (3.3 kB)
Collecting fastjsonschema>=2.15 (from nbformat>=5.7.0->open3d==0.18.0->-r requirements.txt (line 3))
  Downloading fastjsonschema-2.21.2-py3-none-any.whl.metadata (2.3 kB)
Collecting jsonschema>=2.6 (from nbformat>=5.7.0->open3d==0.18.0->-r requirements.txt (line 3))
  Downloading jsonschema-4.23.0-py3-none-any.whl.metadata (7.9 kB)
Collecting jupyter-core!=5.0.*,>=4.12 (from nbformat>=5.7.0->open3d==0.18.0->-r requirements.txt (line 3))
  Downloading jupyter_core-5.8.1-py3-none-any.whl.metadata (1.6 kB)
Collecting llvmlite<0.42,>=0.41.0dev0 (from numba>=0.49.1->robosuite==1.4.1->-r requirements.txt (line 12))
  Downloading llvmlite-0.41.1-cp38-cp38-manylinux_2_17_x86_64.manylinux2014_x86_64.whl.metadata (4.8 kB)
Collecting pytz>=2020.1 (from pandas>=1.0->open3d==0.18.0->-r requirements.txt (line 3))
  Using cached pytz-2026.3.post1-py2.py3-none-any.whl.metadata (22 kB)
Collecting tzdata>=2022.1 (from pandas>=1.0->open3d==0.18.0->-r requirements.txt (line 3))
  Using cached tzdata-2026.3-py2.py3-none-any.whl.metadata (1.4 kB)
Collecting six>=1.5 (from python-dateutil>=2.7->matplotlib==3.7.5->-r requirements.txt (line 6))
  Using cached six-1.17.0-py2.py3-none-any.whl.metadata (1.7 kB)
Collecting joblib>=1.1.1 (from scikit-learn>=0.21->open3d==0.18.0->-r requirements.txt (line 3))
  Downloading joblib-1.4.2-py3-none-any.whl.metadata (5.4 kB)
Collecting threadpoolctl>=2.0.0 (from scikit-learn>=0.21->open3d==0.18.0->-r requirements.txt (line 3))
  Downloading threadpoolctl-3.5.0-py3-none-any.whl.metadata (13 kB)
Collecting MarkupSafe>=2.1.1 (from werkzeug>=2.2.3->open3d==0.18.0->-r requirements.txt (line 3))
  Downloading MarkupSafe-2.1.5-cp38-cp38-manylinux_2_17_x86_64.manylinux2014_x86_64.whl.metadata (3.0 kB)
Collecting evdev>=1.3 (from pynput->robosuite==1.4.1->-r requirements.txt (line 12))
  Downloading evdev-1.9.2.tar.gz (33 kB)
  Installing build dependencies: started
  Installing build dependencies: finished with status 'done'
  Getting requirements to build wheel: started
  Getting requirements to build wheel: finished with status 'done'
  Preparing metadata (pyproject.toml): started
  Preparing metadata (pyproject.toml): finished with status 'done'
Collecting python-xlib>=0.17 (from pynput->robosuite==1.4.1->-r requirements.txt (line 12))
  Downloading python_xlib-0.33-py2.py3-none-any.whl.metadata (6.2 kB)
Requirement already satisfied: charset_normalizer<4,>=2 in /data/heng/miniconda3/envs/f2s/lib/python3.8/site-packages (from requests->torchvision==0.14.0->-r requirements.txt (line 9)) (3.5.1)
Requirement already satisfied: idna<4,>=2.5 in /data/heng/miniconda3/envs/f2s/lib/python3.8/site-packages (from requests->torchvision==0.14.0->-r requirements.txt (line 9)) (3.15)
Requirement already satisfied: urllib3<3,>=1.21.1 in /data/heng/miniconda3/envs/f2s/lib/python3.8/site-packages (from requests->torchvision==0.14.0->-r requirements.txt (line 9)) (2.2.3)
Requirement already satisfied: certifi>=2017.4.17 in /data/heng/miniconda3/envs/f2s/lib/python3.8/site-packages (from requests->torchvision==0.14.0->-r requirements.txt (line 9)) (2026.7.22)
Collecting Jinja2>=3.1.2 (from Flask<3.2,>=1.0.4->dash>=2.6.0->open3d==0.18.0->-r requirements.txt (line 3))
  Using cached jinja2-3.1.6-py3-none-any.whl.metadata (2.9 kB)
Collecting itsdangerous>=2.1.2 (from Flask<3.2,>=1.0.4->dash>=2.6.0->open3d==0.18.0->-r requirements.txt (line 3))
  Using cached itsdangerous-2.2.0-py3-none-any.whl.metadata (1.9 kB)
Collecting click>=8.1.3 (from Flask<3.2,>=1.0.4->dash>=2.6.0->open3d==0.18.0->-r requirements.txt (line 3))
  Downloading click-8.1.8-py3-none-any.whl.metadata (2.3 kB)
Collecting blinker>=1.6.2 (from Flask<3.2,>=1.0.4->dash>=2.6.0->open3d==0.18.0->-r requirements.txt (line 3))
  Downloading blinker-1.8.2-py3-none-any.whl.metadata (1.6 kB)
Collecting backcall (from ipython>=6.1.0->ipywidgets>=8.0.4->open3d==0.18.0->-r requirements.txt (line 3))
  Downloading backcall-0.2.0-py2.py3-none-any.whl.metadata (2.0 kB)
Collecting decorator (from ipython>=6.1.0->ipywidgets>=8.0.4->open3d==0.18.0->-r requirements.txt (line 3))
  Using cached decorator-5.3.1-py3-none-any.whl.metadata (3.9 kB)
Collecting jedi>=0.16 (from ipython>=6.1.0->ipywidgets>=8.0.4->open3d==0.18.0->-r requirements.txt (line 3))
  Downloading jedi-0.19.2-py2.py3-none-any.whl.metadata (22 kB)
Collecting matplotlib-inline (from ipython>=6.1.0->ipywidgets>=8.0.4->open3d==0.18.0->-r requirements.txt (line 3))
  Downloading matplotlib_inline-0.1.7-py3-none-any.whl.metadata (3.9 kB)
Collecting pickleshare (from ipython>=6.1.0->ipywidgets>=8.0.4->open3d==0.18.0->-r requirements.txt (line 3))
  Downloading pickleshare-0.7.5-py2.py3-none-any.whl.metadata (1.5 kB)
Collecting prompt-toolkit!=3.0.37,<3.1.0,>=3.0.30 (from ipython>=6.1.0->ipywidgets>=8.0.4->open3d==0.18.0->-r requirements.txt (line 3))
  Downloading prompt_toolkit-3.0.52-py3-none-any.whl.metadata (6.4 kB)
Collecting pygments>=2.4.0 (from ipython>=6.1.0->ipywidgets>=8.0.4->open3d==0.18.0->-r requirements.txt (line 3))
  Downloading pygments-2.19.2-py3-none-any.whl.metadata (2.5 kB)
Collecting stack-data (from ipython>=6.1.0->ipywidgets>=8.0.4->open3d==0.18.0->-r requirements.txt (line 3))
  Using cached stack_data-0.6.3-py3-none-any.whl.metadata (18 kB)
Collecting pexpect>4.3 (from ipython>=6.1.0->ipywidgets>=8.0.4->open3d==0.18.0->-r requirements.txt (line 3))
  Using cached pexpect-4.9.0-py2.py3-none-any.whl.metadata (2.5 kB)
Collecting attrs>=22.2.0 (from jsonschema>=2.6->nbformat>=5.7.0->open3d==0.18.0->-r requirements.txt (line 3))
  Downloading attrs-25.3.0-py3-none-any.whl.metadata (10 kB)
Collecting jsonschema-specifications>=2023.03.6 (from jsonschema>=2.6->nbformat>=5.7.0->open3d==0.18.0->-r requirements.txt (line 3))
  Downloading jsonschema_specifications-2023.12.1-py3-none-any.whl.metadata (3.0 kB)
Collecting pkgutil-resolve-name>=1.3.10 (from jsonschema>=2.6->nbformat>=5.7.0->open3d==0.18.0->-r requirements.txt (line 3))
  Downloading pkgutil_resolve_name-1.3.10-py3-none-any.whl.metadata (624 bytes)
Collecting referencing>=0.28.4 (from jsonschema>=2.6->nbformat>=5.7.0->open3d==0.18.0->-r requirements.txt (line 3))
  Downloading referencing-0.35.1-py3-none-any.whl.metadata (2.8 kB)
Collecting rpds-py>=0.7.1 (from jsonschema>=2.6->nbformat>=5.7.0->open3d==0.18.0->-r requirements.txt (line 3))
  Downloading rpds_py-0.20.1-cp38-cp38-manylinux_2_17_x86_64.manylinux2014_x86_64.whl.metadata (4.2 kB)
Collecting platformdirs>=2.5 (from jupyter-core!=5.0.*,>=4.12->nbformat>=5.7.0->open3d==0.18.0->-r requirements.txt (line 3))
  Downloading platformdirs-4.3.6-py3-none-any.whl.metadata (11 kB)
Collecting narwhals>=1.15.1 (from plotly>=5.0.0->dash>=2.6.0->open3d==0.18.0->-r requirements.txt (line 3))
  Downloading narwhals-1.42.1-py3-none-any.whl.metadata (11 kB)
Collecting annotated-types>=0.6.0 (from pydantic>=2.10->dash>=2.6.0->open3d==0.18.0->-r requirements.txt (line 3))
  Downloading annotated_types-0.7.0-py3-none-any.whl.metadata (15 kB)
Collecting pydantic-core==2.27.2 (from pydantic>=2.10->dash>=2.6.0->open3d==0.18.0->-r requirements.txt (line 3))
  Downloading pydantic_core-2.27.2-cp38-cp38-manylinux_2_17_x86_64.manylinux2014_x86_64.whl.metadata (6.6 kB)
Collecting parso<0.9.0,>=0.8.4 (from jedi>=0.16->ipython>=6.1.0->ipywidgets>=8.0.4->open3d==0.18.0->-r requirements.txt (line 3))
  Using cached parso-0.8.7-py2.py3-none-any.whl.metadata (8.2 kB)
Collecting ptyprocess>=0.5 (from pexpect>4.3->ipython>=6.1.0->ipywidgets>=8.0.4->open3d==0.18.0->-r requirements.txt (line 3))
  Using cached ptyprocess-0.7.0-py2.py3-none-any.whl.metadata (1.3 kB)
Collecting wcwidth (from prompt-toolkit!=3.0.37,<3.1.0,>=3.0.30->ipython>=6.1.0->ipywidgets>=8.0.4->open3d==0.18.0->-r requirements.txt (line 3))
  Using cached wcwidth-0.8.3-py3-none-any.whl.metadata (43 kB)
Collecting executing>=1.2.0 (from stack-data->ipython>=6.1.0->ipywidgets>=8.0.4->open3d==0.18.0->-r requirements.txt (line 3))
  Using cached executing-2.2.1-py2.py3-none-any.whl.metadata (8.9 kB)
Collecting asttokens>=2.1.0 (from stack-data->ipython>=6.1.0->ipywidgets>=8.0.4->open3d==0.18.0->-r requirements.txt (line 3))
  Using cached asttokens-3.0.2-py3-none-any.whl.metadata (5.7 kB)
Collecting pure-eval (from stack-data->ipython>=6.1.0->ipywidgets>=8.0.4->open3d==0.18.0->-r requirements.txt (line 3))
  Using cached pure_eval-0.2.3-py3-none-any.whl.metadata (6.3 kB)
Downloading tqdm-4.66.2-py3-none-any.whl (78 kB)
Downloading open3d-0.18.0-cp38-cp38-manylinux_2_27_x86_64.whl (399.7 MB)
   ━━━━━━━━━━━━━━━━━━━━━━━━━━━━━━━━━━━━━━━━ 399.7/399.7 MB 33.1 MB/s eta 0:00:00
Downloading easydict-1.13-py3-none-any.whl (6.8 kB)
Downloading einops-0.7.0-py3-none-any.whl (44 kB)
Downloading matplotlib-3.7.5-cp38-cp38-manylinux_2_12_x86_64.manylinux2010_x86_64.whl (9.2 MB)
   ━━━━━━━━━━━━━━━━━━━━━━━━━━━━━━━━━━━━━━━━ 9.2/9.2 MB 26.5 MB/s eta 0:00:00
Downloading opencv_python-4.9.0.80-cp37-abi3-manylinux_2_17_x86_64.manylinux2014_x86_64.whl (62.2 MB)
   ━━━━━━━━━━━━━━━━━━━━━━━━━━━━━━━━━━━━━━━━ 62.2/62.2 MB 33.8 MB/s eta 0:00:00
Downloading diffusers-0.27.2-py3-none-any.whl (2.0 MB)
   ━━━━━━━━━━━━━━━━━━━━━━━━━━━━━━━━━━━━━━━━ 2.0/2.0 MB 24.7 MB/s eta 0:00:00
Downloading robosuite-1.4.1-py3-none-any.whl (193.5 MB)
   ━━━━━━━━━━━━━━━━━━━━━━━━━━━━━━━━━━━━━━━━ 193.5/193.5 MB 38.1 MB/s eta 0:00:00
Downloading huggingface_hub-0.24.6-py3-none-any.whl (417 kB)
Downloading contourpy-1.1.1-cp38-cp38-manylinux_2_17_x86_64.manylinux2014_x86_64.whl (301 kB)
Using cached cycler-0.12.1-py3-none-any.whl (8.3 kB)
Downloading dash-4.3.0-py3-none-any.whl (8.4 MB)
   ━━━━━━━━━━━━━━━━━━━━━━━━━━━━━━━━━━━━━━━━ 8.4/8.4 MB 29.7 MB/s eta 0:00:00
Downloading fonttools-4.57.0-cp38-cp38-manylinux_2_17_x86_64.manylinux2014_x86_64.whl (4.7 MB)
   ━━━━━━━━━━━━━━━━━━━━━━━━━━━━━━━━━━━━━━━━ 4.7/4.7 MB 26.9 MB/s eta 0:00:00
Downloading fsspec-2025.3.0-py3-none-any.whl (193 kB)
Downloading importlib_resources-6.4.5-py3-none-any.whl (36 kB)
Using cached ipywidgets-8.1.9-py3-none-any.whl (140 kB)
Downloading kiwisolver-1.4.7-cp38-cp38-manylinux_2_5_x86_64.manylinux1_x86_64.whl (1.2 MB)
   ━━━━━━━━━━━━━━━━━━━━━━━━━━━━━━━━━━━━━━━━ 1.2/1.2 MB 21.9 MB/s eta 0:00:00
Downloading mujoco-3.2.3-cp38-cp38-manylinux_2_17_x86_64.manylinux2014_x86_64.whl (6.1 MB)
   ━━━━━━━━━━━━━━━━━━━━━━━━━━━━━━━━━━━━━━━━ 6.1/6.1 MB 25.2 MB/s eta 0:00:00
Downloading nbformat-5.10.4-py3-none-any.whl (78 kB)
Downloading numba-0.58.1-cp38-cp38-manylinux2014_x86_64.manylinux_2_17_x86_64.whl (3.7 MB)
   ━━━━━━━━━━━━━━━━━━━━━━━━━━━━━━━━━━━━━━━━ 3.7/3.7 MB 29.1 MB/s eta 0:00:00
Downloading packaging-26.2-py3-none-any.whl (100 kB)
Downloading pandas-2.0.3-cp38-cp38-manylinux_2_17_x86_64.manylinux2014_x86_64.whl (12.4 MB)
   ━━━━━━━━━━━━━━━━━━━━━━━━━━━━━━━━━━━━━━━━ 12.4/12.4 MB 34.1 MB/s eta 0:00:00
Downloading pyparsing-3.1.4-py3-none-any.whl (104 kB)
Using cached python_dateutil-2.9.0.post0-py2.py3-none-any.whl (229 kB)
Downloading PyYAML-6.0.3-cp38-cp38-manylinux2014_x86_64.manylinux_2_17_x86_64.manylinux_2_28_x86_64.whl (806 kB)
   ━━━━━━━━━━━━━━━━━━━━━━━━━━━━━━━━━━━━━━━━ 806.0/806.0 kB 8.2 MB/s eta 0:00:00
Downloading regex-2024.11.6-cp38-cp38-manylinux_2_17_x86_64.manylinux2014_x86_64.whl (785 kB)
   ━━━━━━━━━━━━━━━━━━━━━━━━━━━━━━━━━━━━━━━━ 785.1/785.1 kB 16.4 MB/s eta 0:00:00
Downloading safetensors-0.5.3-cp38-abi3-manylinux_2_17_x86_64.manylinux2014_x86_64.whl (471 kB)
Downloading scikit_learn-1.3.2-cp38-cp38-manylinux_2_17_x86_64.manylinux2014_x86_64.whl (11.1 MB)
   ━━━━━━━━━━━━━━━━━━━━━━━━━━━━━━━━━━━━━━━━ 11.1/11.1 MB 30.6 MB/s eta 0:00:00
Downloading scipy-1.10.1-cp38-cp38-manylinux_2_17_x86_64.manylinux2014_x86_64.whl (34.5 MB)
   ━━━━━━━━━━━━━━━━━━━━━━━━━━━━━━━━━━━━━━━━ 34.5/34.5 MB 38.8 MB/s eta 0:00:00
Downloading werkzeug-3.0.6-py3-none-any.whl (227 kB)
Using cached addict-2.4.0-py3-none-any.whl (3.8 kB)
Using cached configargparse-1.7.5-py3-none-any.whl (27 kB)
Downloading filelock-3.16.1-py3-none-any.whl (16 kB)
Downloading importlib_metadata-8.5.0-py3-none-any.whl (26 kB)
Downloading pynput-1.8.2-py2.py3-none-any.whl (92 kB)
Using cached pyquaternion-0.9.9-py3-none-any.whl (14 kB)
Downloading termcolor-2.4.0-py3-none-any.whl (7.7 kB)
Using cached comm-0.2.3-py3-none-any.whl (7.3 kB)
Downloading fastjsonschema-2.21.2-py3-none-any.whl (24 kB)
Downloading flask-3.0.3-py3-none-any.whl (101 kB)
Downloading ipython-8.12.3-py3-none-any.whl (798 kB)
   ━━━━━━━━━━━━━━━━━━━━━━━━━━━━━━━━━━━━━━━━ 798.3/798.3 kB 6.7 MB/s eta 0:00:00
Downloading janus-1.0.0-py3-none-any.whl (6.9 kB)
Downloading joblib-1.4.2-py3-none-any.whl (301 kB)
Downloading jsonschema-4.23.0-py3-none-any.whl (88 kB)
Downloading jupyter_core-5.8.1-py3-none-any.whl (28 kB)
Using cached jupyterlab_widgets-3.0.17-py3-none-any.whl (217 kB)
Downloading llvmlite-0.41.1-cp38-cp38-manylinux_2_17_x86_64.manylinux2014_x86_64.whl (43.6 MB)
   ━━━━━━━━━━━━━━━━━━━━━━━━━━━━━━━━━━━━━━━━ 43.6/43.6 MB 39.1 MB/s eta 0:00:00
Downloading MarkupSafe-2.1.5-cp38-cp38-manylinux_2_17_x86_64.manylinux2014_x86_64.whl (26 kB)
Using cached plotly-7.0.0-py3-none-any.whl (9.1 MB)
Downloading pydantic-2.10.6-py3-none-any.whl (431 kB)
Downloading pydantic_core-2.27.2-cp38-cp38-manylinux_2_17_x86_64.manylinux2014_x86_64.whl (2.0 MB)
   ━━━━━━━━━━━━━━━━━━━━━━━━━━━━━━━━━━━━━━━━ 2.0/2.0 MB 26.8 MB/s eta 0:00:00
Downloading python_xlib-0.33-py2.py3-none-any.whl (182 kB)
Using cached pytz-2026.3.post1-py2.py3-none-any.whl (508 kB)
Using cached six-1.17.0-py2.py3-none-any.whl (11 kB)
Downloading threadpoolctl-3.5.0-py3-none-any.whl (18 kB)
Downloading traitlets-5.14.3-py3-none-any.whl (85 kB)
Using cached tzdata-2026.3-py2.py3-none-any.whl (348 kB)
Using cached widgetsnbextension-4.0.16-py3-none-any.whl (2.2 MB)
Downloading zipp-3.20.2-py3-none-any.whl (9.2 kB)
Downloading absl_py-2.3.1-py3-none-any.whl (135 kB)
Downloading glfw-2.10.2-py2.py3-none-manylinux_2_28_x86_64.whl (248 kB)
Using cached nest_asyncio-1.6.0-py3-none-any.whl (5.2 kB)
Downloading pyopengl-3.1.10-py3-none-any.whl (3.2 MB)
   ━━━━━━━━━━━━━━━━━━━━━━━━━━━━━━━━━━━━━━━━ 3.2/3.2 MB 28.4 MB/s eta 0:00:00
Using cached retrying-1.4.2-py3-none-any.whl (10 kB)
Downloading annotated_types-0.7.0-py3-none-any.whl (13 kB)
Downloading attrs-25.3.0-py3-none-any.whl (63 kB)
Downloading blinker-1.8.2-py3-none-any.whl (9.5 kB)
Downloading click-8.1.8-py3-none-any.whl (98 kB)
Using cached itsdangerous-2.2.0-py3-none-any.whl (16 kB)
Downloading jedi-0.19.2-py2.py3-none-any.whl (1.6 MB)
   ━━━━━━━━━━━━━━━━━━━━━━━━━━━━━━━━━━━━━━━━ 1.6/1.6 MB 24.2 MB/s eta 0:00:00
Using cached jinja2-3.1.6-py3-none-any.whl (134 kB)
Downloading jsonschema_specifications-2023.12.1-py3-none-any.whl (18 kB)
Downloading narwhals-1.42.1-py3-none-any.whl (359 kB)
Using cached pexpect-4.9.0-py2.py3-none-any.whl (63 kB)
Downloading pkgutil_resolve_name-1.3.10-py3-none-any.whl (4.7 kB)
Downloading platformdirs-4.3.6-py3-none-any.whl (18 kB)
Downloading prompt_toolkit-3.0.52-py3-none-any.whl (391 kB)
Downloading pygments-2.19.2-py3-none-any.whl (1.2 MB)
   ━━━━━━━━━━━━━━━━━━━━━━━━━━━━━━━━━━━━━━━━ 1.2/1.2 MB 23.0 MB/s eta 0:00:00
Downloading referencing-0.35.1-py3-none-any.whl (26 kB)
Downloading rpds_py-0.20.1-cp38-cp38-manylinux_2_17_x86_64.manylinux2014_x86_64.whl (360 kB)
Downloading backcall-0.2.0-py2.py3-none-any.whl (11 kB)
Using cached decorator-5.3.1-py3-none-any.whl (10 kB)
Downloading etils-1.3.0-py3-none-any.whl (126 kB)
Downloading matplotlib_inline-0.1.7-py3-none-any.whl (9.9 kB)
Downloading pickleshare-0.7.5-py2.py3-none-any.whl (6.9 kB)
Using cached stack_data-0.6.3-py3-none-any.whl (24 kB)
Using cached asttokens-3.0.2-py3-none-any.whl (28 kB)
Using cached executing-2.2.1-py2.py3-none-any.whl (28 kB)
Using cached parso-0.8.7-py2.py3-none-any.whl (107 kB)
Using cached ptyprocess-0.7.0-py2.py3-none-any.whl (13 kB)
Using cached pure_eval-0.2.3-py3-none-any.whl (11 kB)
Using cached wcwidth-0.8.3-py3-none-any.whl (331 kB)
Building wheels for collected packages: evdev
  Building wheel for evdev (pyproject.toml): started
  Building wheel for evdev (pyproject.toml): finished with status 'done'
  Created wheel for evdev: filename=evdev-1.9.2-cp38-cp38-linux_x86_64.whl size=73561 sha256=693d31864bc9d1f7f26f0a4ed59eaa21d702ee93c659bb9efa03e879adc050d3
  Stored in directory: /data/heng/.cache/pip/wheels/35/95/c2/670ec5c52b51f5608214cf19937a1c33201fe9d17bf5278298
Successfully built evdev
Installing collected packages: pytz, pyopengl, pure-eval, ptyprocess, pickleshare, glfw, fastjsonschema, easydict, backcall, addict, zipp, widgetsnbextension, wcwidth, tzdata, traitlets, tqdm, threadpoolctl, termcolor, six, scipy, safetensors, rpds-py, retrying, regex, pyyaml, pyquaternion, pyparsing, pygments, pydantic-core, platformdirs, pkgutil-resolve-name, pexpect, parso, packaging, opencv-python, nest-asyncio, narwhals, MarkupSafe, llvmlite, kiwisolver, jupyterlab_widgets, joblib, janus, itsdangerous, fsspec, fonttools, filelock, executing, evdev, etils, einops, decorator, cycler, contourpy, configargparse, comm, click, blinker, attrs, asttokens, annotated-types, absl-py, werkzeug, stack-data, scikit-learn, referencing, python-xlib, python-dateutil, pydantic, prompt-toolkit, plotly, matplotlib-inline, jupyter-core, Jinja2, jedi, importlib-resources, importlib-metadata, huggingface-hub, pynput, pandas, numba, matplotlib, jsonschema-specifications, ipython, Flask, diffusers, mujoco, jsonschema, ipywidgets, dash, robosuite, nbformat, open3d
Successfully installed Flask-3.0.3 Jinja2-3.1.6 MarkupSafe-2.1.5 absl-py-2.3.1 addict-2.4.0 annotated-types-0.7.0 asttokens-3.0.2 attrs-25.3.0 backcall-0.2.0 blinker-1.8.2 click-8.1.8 comm-0.2.3 configargparse-1.7.5 contourpy-1.1.1 cycler-0.12.1 dash-4.3.0 decorator-5.3.1 diffusers-0.27.2 easydict-1.13 einops-0.7.0 etils-1.3.0 evdev-1.9.2 executing-2.2.1 fastjsonschema-2.21.2 filelock-3.16.1 fonttools-4.57.0 fsspec-2025.3.0 glfw-2.10.2 huggingface-hub-0.24.6 importlib-metadata-8.5.0 importlib-resources-6.4.5 ipython-8.12.3 ipywidgets-8.1.9 itsdangerous-2.2.0 janus-1.0.0 jedi-0.19.2 joblib-1.4.2 jsonschema-4.23.0 jsonschema-specifications-2023.12.1 jupyter-core-5.8.1 jupyterlab_widgets-3.0.17 kiwisolver-1.4.7 llvmlite-0.41.1 matplotlib-3.7.5 matplotlib-inline-0.1.7 mujoco-3.2.3 narwhals-1.42.1 nbformat-5.10.4 nest-asyncio-1.6.0 numba-0.58.1 open3d-0.18.0 opencv-python-4.9.0.80 packaging-26.2 pandas-2.0.3 parso-0.8.7 pexpect-4.9.0 pickleshare-0.7.5 pkgutil-resolve-name-1.3.10 platformdirs-4.3.6 plotly-7.0.0 prompt-toolkit-3.0.52 ptyprocess-0.7.0 pure-eval-0.2.3 pydantic-2.10.6 pydantic-core-2.27.2 pygments-2.19.2 pynput-1.8.2 pyopengl-3.1.10 pyparsing-3.1.4 pyquaternion-0.9.9 python-dateutil-2.9.0.post0 python-xlib-0.33 pytz-2026.3.post1 pyyaml-6.0.3 referencing-0.35.1 regex-2024.11.6 retrying-1.4.2 robosuite-1.4.1 rpds-py-0.20.1 safetensors-0.5.3 scikit-learn-1.3.2 scipy-1.10.1 six-1.17.0 stack-data-0.6.3 termcolor-2.4.0 threadpoolctl-3.5.0 tqdm-4.66.2 traitlets-5.14.3 tzdata-2026.3 wcwidth-0.8.3 werkzeug-3.0.6 widgetsnbextension-4.0.16 zipp-3.20.2
