diffusion policy source root: /data/heng/F2S/SOE/simulation/../src

============= Initialized Observation Utils with Obs Spec =============

using obs modality: low_dim with keys: ['robot0_eef_pos', 'robot0_joint_pos', 'robot0_joint_pos_cos', 'robot0_joint_pos_sin', 'robot0_eef_quat', 'robot0_gripper_qvel', 'robot0_eef_vel_lin', 'robot0_joint_vel', 'object', 'robot0_eef_vel_ang', 'robot0_gripper_qpos']
resnet out features dim: 64
obs_feature_dim: 59
horizon:  20
inference_horizon:  20
Created environment with name PickPlaceCan
Action size is 7

===== F2S evolution round 0 =====
[F2S eval 1/10] success=False len=400 skills_used=[]
[F2S eval 2/10] success=True len=107 skills_used=[]
[F2S eval 3/10] success=True len=94 skills_used=[]
[F2S eval 4/10] success=False len=400 skills_used=[]
[F2S eval 5/10] success=True len=102 skills_used=[]
[F2S eval 6/10] success=True len=127 skills_used=[]
[F2S eval 7/10] success=True len=119 skills_used=[]
[F2S eval 8/10] success=False len=400 skills_used=[]
[F2S eval 9/10] success=True len=132 skills_used=[]
[F2S eval 10/10] success=True len=105 skills_used=[]
skill discovery: {'status': 'ok', 'n_segments': 3, 'chosen_k': 2, 'n_candidates_generated': 48, 'n_safety_rejected': 0, 'n_executed': 6, 'n_skills_added': 0, 'cluster_model': KMeans(n_clusters=2, n_init=10, random_state=0), 'cluster_norm': (array([3.71738081e-01, 3.00162322e-01, 2.71700618e+00, 9.31384164e-02,
       1.28770759e-01, 2.63897257e-04, 0.00000000e+00, 0.00000000e+00,
       6.28261919e-01]), array([1.37283617e-01, 1.29839540e-01, 1.59819790e-01, 6.18169241e-02,
       8.97654970e-02, 1.43569862e-04, 0.00000000e+00, 0.00000000e+00,
       1.37283617e-01]))}
epoch 0: train_mse=0.002395 val_mse=0.000880
epoch 1: train_mse=0.000863 val_mse=0.000790
epoch 2: train_mse=0.000723 val_mse=0.000639
epoch 3: train_mse=0.000654 val_mse=0.000593
epoch 4: train_mse=0.000587 val_mse=0.000560
epoch 5: train_mse=0.000573 val_mse=0.000532
epoch 6: train_mse=0.000535 val_mse=0.000509
epoch 7: train_mse=0.000519 val_mse=0.000488
epoch 8: train_mse=0.000493 val_mse=0.000470
epoch 9: train_mse=0.000481 val_mse=0.000454
epoch 10: train_mse=0.000475 val_mse=0.000442
epoch 11: train_mse=0.000477 val_mse=0.000427
epoch 12: train_mse=0.000475 val_mse=0.000413
epoch 13: train_mse=0.000431 val_mse=0.000402
epoch 14: train_mse=0.000410 val_mse=0.000389
epoch 15: train_mse=0.000387 val_mse=0.000377
epoch 16: train_mse=0.000384 val_mse=0.000374
epoch 17: train_mse=0.000370 val_mse=0.000356
epoch 18: train_mse=0.000330 val_mse=0.000351
epoch 19: train_mse=0.000343 val_mse=0.000334
epoch 20: train_mse=0.000310 val_mse=0.000329
epoch 21: train_mse=0.000321 val_mse=0.000322
epoch 22: train_mse=0.000290 val_mse=0.000310
epoch 23: train_mse=0.000293 val_mse=0.000297
epoch 24: train_mse=0.000261 val_mse=0.000297
epoch 25: train_mse=0.000248 val_mse=0.000282
epoch 26: train_mse=0.000242 val_mse=0.000282
epoch 27: train_mse=0.000244 val_mse=0.000282
epoch 28: train_mse=0.000258 val_mse=0.000267
epoch 29: train_mse=0.000266 val_mse=0.000265
epoch 30: train_mse=0.000222 val_mse=0.000255
epoch 31: train_mse=0.000210 val_mse=0.000247
epoch 32: train_mse=0.000207 val_mse=0.000243
epoch 33: train_mse=0.000200 val_mse=0.000236
epoch 34: train_mse=0.000189 val_mse=0.000231
epoch 35: train_mse=0.000179 val_mse=0.000230
epoch 36: train_mse=0.000175 val_mse=0.000229
epoch 37: train_mse=0.000207 val_mse=0.000231
epoch 38: train_mse=0.000187 val_mse=0.000226
epoch 39: train_mse=0.000172 val_mse=0.000227
epoch 40: train_mse=0.000174 val_mse=0.000223
epoch 41: train_mse=0.000173 val_mse=0.000218
epoch 42: train_mse=0.000165 val_mse=0.000213
epoch 43: train_mse=0.000158 val_mse=0.000214
epoch 44: train_mse=0.000159 val_mse=0.000210
epoch 45: train_mse=0.000165 val_mse=0.000208
epoch 46: train_mse=0.000159 val_mse=0.000208
epoch 47: train_mse=0.000153 val_mse=0.000207
epoch 48: train_mse=0.000173 val_mse=0.000204
epoch 49: train_mse=0.000150 val_mse=0.000202
world model: {'state_dim': 26, 'action_dim': 7, 'hidden_dim': 256, 'ensemble_size': 1, 'epochs': 50, 'best_val_mse': 0.00020210817456245422, 'constant_state_val_mse': 0.017672071233391762, 'beats_constant_baseline': True, 'training_time_seconds': 1.861344814300537}

===== F2S evolution round 1 =====
[F2S eval 1/10] success=True len=110 skills_used=[]
[F2S eval 2/10] success=True len=98 skills_used=[]
[F2S eval 3/10] success=True len=100 skills_used=[]
[F2S eval 4/10] success=False len=400 skills_used=[]
[F2S eval 5/10] success=False len=400 skills_used=[]
[F2S eval 6/10] success=True len=81 skills_used=[]
[F2S eval 7/10] success=True len=102 skills_used=[]
[F2S eval 8/10] success=True len=103 skills_used=[]
[F2S eval 9/10] success=True len=102 skills_used=[]
[F2S eval 10/10] success=True len=107 skills_used=[]
skill discovery: {'status': 'ok', 'n_segments': 2, 'chosen_k': 2, 'n_candidates_generated': 32, 'n_safety_rejected': 15, 'n_executed': 3, 'n_skills_added': 0, 'cluster_model': KMeans(n_clusters=2, n_init=10, random_state=0), 'cluster_norm': (array([3.19435892e-01, 3.80328832e-01, 2.32844257e+00, 1.10535932e-01,
       1.45599907e-01, 1.02462548e-04, 0.00000000e+00, 0.00000000e+00,
       6.80564108e-01]), array([0.17091041, 0.00954519, 0.28685321, 0.04086328, 0.0621718 ,
       0.00041434, 0.        , 0.        , 0.17091041]))}
epoch 0: train_mse=0.004781 val_mse=0.003970
epoch 1: train_mse=0.003460 val_mse=0.003746
epoch 2: train_mse=0.004289 val_mse=0.003648
epoch 3: train_mse=0.003192 val_mse=0.003570
epoch 4: train_mse=0.003252 val_mse=0.003488
epoch 5: train_mse=0.002986 val_mse=0.003420
epoch 6: train_mse=0.002996 val_mse=0.003346
epoch 7: train_mse=0.002866 val_mse=0.003224
epoch 8: train_mse=0.002693 val_mse=0.003171
epoch 9: train_mse=0.002599 val_mse=0.003050
epoch 10: train_mse=0.002510 val_mse=0.003005
epoch 11: train_mse=0.002486 val_mse=0.002965
epoch 12: train_mse=0.002309 val_mse=0.002936
epoch 13: train_mse=0.002189 val_mse=0.002903
epoch 14: train_mse=0.002284 val_mse=0.002949
epoch 15: train_mse=0.002329 val_mse=0.002938
epoch 16: train_mse=0.001936 val_mse=0.002846
epoch 17: train_mse=0.001852 val_mse=0.002871
epoch 18: train_mse=0.001946 val_mse=0.002780
epoch 19: train_mse=0.001664 val_mse=0.002869
epoch 20: train_mse=0.001571 val_mse=0.002721
epoch 21: train_mse=0.001601 val_mse=0.002809
epoch 22: train_mse=0.001487 val_mse=0.002840
epoch 23: train_mse=0.001437 val_mse=0.002744
epoch 24: train_mse=0.001697 val_mse=0.002686
epoch 25: train_mse=0.001644 val_mse=0.002783
epoch 26: train_mse=0.001278 val_mse=0.002823
epoch 27: train_mse=0.001255 val_mse=0.002688
epoch 28: train_mse=0.001196 val_mse=0.002554
epoch 29: train_mse=0.001106 val_mse=0.002572
epoch 30: train_mse=0.001221 val_mse=0.002400
epoch 31: train_mse=0.001066 val_mse=0.002529
epoch 32: train_mse=0.001144 val_mse=0.002358
epoch 33: train_mse=0.001028 val_mse=0.002523
epoch 34: train_mse=0.000960 val_mse=0.002327
epoch 35: train_mse=0.000966 val_mse=0.002330
epoch 36: train_mse=0.000913 val_mse=0.002225
epoch 37: train_mse=0.000861 val_mse=0.002191
epoch 38: train_mse=0.000887 val_mse=0.002204
epoch 39: train_mse=0.000824 val_mse=0.002176
epoch 40: train_mse=0.000808 val_mse=0.002148
epoch 41: train_mse=0.000751 val_mse=0.002151
epoch 42: train_mse=0.000735 val_mse=0.002160
epoch 43: train_mse=0.000715 val_mse=0.002200
epoch 44: train_mse=0.000832 val_mse=0.002253
epoch 45: train_mse=0.000823 val_mse=0.002108
epoch 46: train_mse=0.000879 val_mse=0.002162
epoch 47: train_mse=0.000780 val_mse=0.002257
epoch 48: train_mse=0.000735 val_mse=0.002089
epoch 49: train_mse=0.000681 val_mse=0.002034
world model: {'state_dim': 26, 'action_dim': 7, 'hidden_dim': 256, 'ensemble_size': 1, 'epochs': 50, 'best_val_mse': 0.002033612923696637, 'constant_state_val_mse': 0.09919359534978867, 'beats_constant_baseline': True, 'training_time_seconds': 2.8657729625701904}

===== F2S evolution round 2 =====
[F2S eval 1/10] success=False len=400 skills_used=[]
[F2S eval 2/10] success=True len=99 skills_used=[]
[F2S eval 3/10] success=True len=103 skills_used=[]
[F2S eval 4/10] success=True len=114 skills_used=[]
[F2S eval 5/10] success=False len=400 skills_used=[]
[F2S eval 6/10] success=True len=87 skills_used=[]
[F2S eval 7/10] success=True len=106 skills_used=[]
[F2S eval 8/10] success=True len=92 skills_used=[]
[F2S eval 9/10] success=True len=89 skills_used=[]
[F2S eval 10/10] success=True len=99 skills_used=[]
skill discovery: {'status': 'ok', 'n_segments': 2, 'chosen_k': 2, 'n_candidates_generated': 32, 'n_safety_rejected': 0, 'n_executed': 4, 'n_skills_added': 0, 'cluster_model': KMeans(n_clusters=2, n_init=10, random_state=0), 'cluster_norm': (array([5.62162754e-01, 2.79308008e-01, 2.79540786e+00, 2.52773694e-01,
       2.81341640e-01, 4.58346751e-04, 0.00000000e+00, 0.00000000e+00,
       4.37837246e-01]), array([0.12229387, 0.05930634, 0.03697881, 0.00990327, 0.03220933,
       0.0002167 , 0.        , 0.        , 0.12229387]))}
epoch 0: train_mse=0.003482 val_mse=0.003137
epoch 1: train_mse=0.002521 val_mse=0.002965
epoch 2: train_mse=0.002364 val_mse=0.002864
epoch 3: train_mse=0.002295 val_mse=0.002776
epoch 4: train_mse=0.002194 val_mse=0.002690
epoch 5: train_mse=0.002108 val_mse=0.002616
epoch 6: train_mse=0.002072 val_mse=0.002504
epoch 7: train_mse=0.001915 val_mse=0.002410
epoch 8: train_mse=0.001839 val_mse=0.002386
epoch 9: train_mse=0.001781 val_mse=0.002294
epoch 10: train_mse=0.002016 val_mse=0.002276
epoch 11: train_mse=0.001618 val_mse=0.002240
epoch 12: train_mse=0.001506 val_mse=0.002234
epoch 13: train_mse=0.001386 val_mse=0.002191
epoch 14: train_mse=0.001302 val_mse=0.002236
epoch 15: train_mse=0.001315 val_mse=0.002236
epoch 16: train_mse=0.001185 val_mse=0.002169
epoch 17: train_mse=0.001131 val_mse=0.002167
epoch 18: train_mse=0.001067 val_mse=0.002176
epoch 19: train_mse=0.001032 val_mse=0.002150
epoch 20: train_mse=0.001024 val_mse=0.002117
epoch 21: train_mse=0.000948 val_mse=0.002097
epoch 22: train_mse=0.000898 val_mse=0.002037
epoch 23: train_mse=0.000855 val_mse=0.002040
epoch 24: train_mse=0.001087 val_mse=0.002025
epoch 25: train_mse=0.000974 val_mse=0.002063
epoch 26: train_mse=0.000828 val_mse=0.001910
epoch 27: train_mse=0.001002 val_mse=0.002080
epoch 28: train_mse=0.000870 val_mse=0.001883
epoch 29: train_mse=0.000735 val_mse=0.001836
epoch 30: train_mse=0.000690 val_mse=0.001790
epoch 31: train_mse=0.000659 val_mse=0.001777
epoch 32: train_mse=0.000648 val_mse=0.001705
epoch 33: train_mse=0.000597 val_mse=0.001773
epoch 34: train_mse=0.000608 val_mse=0.001720
epoch 35: train_mse=0.000590 val_mse=0.001716
epoch 36: train_mse=0.000575 val_mse=0.001773
epoch 37: train_mse=0.000671 val_mse=0.001807
epoch 38: train_mse=0.000784 val_mse=0.001796
epoch 39: train_mse=0.000612 val_mse=0.001684
epoch 40: train_mse=0.000548 val_mse=0.001673
epoch 41: train_mse=0.000517 val_mse=0.001650
epoch 42: train_mse=0.000517 val_mse=0.001708
epoch 43: train_mse=0.000491 val_mse=0.001651
epoch 44: train_mse=0.000462 val_mse=0.001663
epoch 45: train_mse=0.000460 val_mse=0.001641
epoch 46: train_mse=0.000453 val_mse=0.001647
epoch 47: train_mse=0.000450 val_mse=0.001694
epoch 48: train_mse=0.000456 val_mse=0.001639
epoch 49: train_mse=0.000473 val_mse=0.001670
world model: {'state_dim': 26, 'action_dim': 7, 'hidden_dim': 256, 'ensemble_size': 1, 'epochs': 50, 'best_val_mse': 0.0016388081712648273, 'constant_state_val_mse': 0.08078785985708237, 'beats_constant_baseline': True, 'training_time_seconds': 4.080587863922119}

F2S evolution complete: 3 rounds, final archive size 0.
