diffusion policy source root: /data/heng/F2S/SOE/simulation/../src

============= Initialized Observation Utils with Obs Spec =============

using obs modality: low_dim with keys: ['robot0_eef_quat', 'robot0_eef_vel_ang', 'robot0_joint_pos', 'robot0_joint_pos_cos', 'robot0_eef_vel_lin', 'robot0_gripper_qvel', 'robot0_joint_pos_sin', 'robot0_eef_pos', 'object', 'robot0_gripper_qpos', 'robot0_joint_vel']
resnet out features dim: 64
obs_feature_dim: 59
horizon:  20
inference_horizon:  20
Created environment with name PickPlaceCan
Action size is 7
[1/30] episode=episode_000000 success=False len=400
[2/30] episode=episode_000001 success=True len=107
[3/30] episode=episode_000002 success=True len=92
[4/30] episode=episode_000003 success=False len=400
[5/30] episode=episode_000004 success=True len=105
[6/30] episode=episode_000005 success=False len=400
[7/30] episode=episode_000006 success=False len=400
[8/30] episode=episode_000007 success=False len=400
[9/30] episode=episode_000008 success=False len=400
[10/30] episode=episode_000009 success=True len=102
[11/30] episode=episode_000010 success=True len=97
[12/30] episode=episode_000011 success=True len=102
[13/30] episode=episode_000012 success=True len=102
[14/30] episode=episode_000013 success=True len=113
[15/30] episode=episode_000014 success=True len=94
[16/30] episode=episode_000015 success=True len=103
[17/30] episode=episode_000016 success=False len=400
[18/30] episode=episode_000017 success=False len=400
[19/30] episode=episode_000018 success=True len=84
[20/30] episode=episode_000019 success=True len=93
[21/30] episode=episode_000020 success=True len=109
[22/30] episode=episode_000021 success=True len=96
[23/30] episode=episode_000022 success=True len=107
[24/30] episode=episode_000023 success=False len=400
[25/30] episode=episode_000024 success=False len=400
[26/30] episode=episode_000025 success=True len=105
[27/30] episode=episode_000026 success=True len=97
[28/30] episode=episode_000027 success=True len=110
[29/30] episode=episode_000028 success=True len=114
[30/30] episode=episode_000029 success=False len=400
{
  "task": "Can",
  "method": "fixed_policy",
  "seed": 0,
  "round": 0,
  "success_rate": 0.6333333333333333,
  "failure_rate": 0.3666666666666667,
  "recovery_rate": 0.0,
  "collision_rate": 0.0,
  "object_drop_rate": 0.0,
  "mean_episode_length": 211.06666666666666,
  "rollout_count": 30,
  "training_time_seconds": null,
  "eval_wall_time_seconds": 169.76740860939026,
  "checkpoint": "results/can/failure_replay/seed_0/round_0/logs/soe_can_lowdim_failure_replay/2026-08-30-18-32-47/ckpt/policy_last.ckpt",
  "config": "configs/soe_can_lowdim_failure_replay.json",
  "enable_exploration": false
}
{
  "task": "Can",
  "method": "fixed_policy",
  "seed": 0,
  "round": 0,
  "success_rate": 0.6333333333333333,
  "failure_rate": 0.3666666666666667,
  "recovery_rate": 0.0,
  "collision_rate": 0.0,
  "object_drop_rate": 0.0,
  "mean_episode_length": 211.06666666666666,
  "rollout_count": 30,
  "training_time_seconds": null,
  "eval_wall_time_seconds": 169.76740860939026,
  "checkpoint": "results/can/failure_replay/seed_0/round_0/logs/soe_can_lowdim_failure_replay/2026-08-30-18-32-47/ckpt/policy_last.ckpt",
  "config": "configs/soe_can_lowdim_failure_replay.json",
  "enable_exploration": false
}
